::ffff:18.216.21.40 - - [11/Apr/2019:10:50:49 +0000] "GET /login HTTP/1.1" 200 7268 "http://18.216.84.59:8080" "Go-http-client/1.1"
welcome: Unable to identify user...redirecting to login
::ffff:18.216.151.225 - - [11/Apr/2019:10:53:43 +0000] "GET / HTTP/1.1" 302 28 "-" "Go-http-client/1.1"
::ffff:18.216.151.225 - - [11/Apr/2019:10:53:43 +0000] "GET /login HTTP/1.1" 200 7268 "http://18.216.84.59:8080" "Go-http-client/1.1"
welcome: Unable to identify user...redirecting to login
::ffff:18.216.54.50 - - [11/Apr/2019:10:59:32 +0000] "GET / HTTP/1.1" 302 28 "-" "Go-http-client/1.1"
::ffff:18.216.54.50 - - [11/Apr/2019:10:59:32 +0000] "GET /login HTTP/1.1" 200 7268 "http://18.216.84.59:8080" "Go-http-client/1.1"
welcome: Unable to identify user...redirecting to login
::ffff:18.216.95.132 - - [11/Apr/2019:11:00:52 +0000] "GET / HTTP/1.1" 302 28 "-" "Go-http-client/1.1"
::ffff:18.216.95.132 - - [11/Apr/2019:11:00:52 +0000] "GET /login HTTP/1.1" 200 7268 "http://18.216.84.59:8080" "Go-http-client/1.1"
welcome: Unable to identify user...redirecting to login
::ffff:18.216.75.39 - - [11/Apr/2019:11:05:20 +0000] "GET / HTTP/1.1" 302 28 "-" "Go-http-client/1.1"
::ffff:18.216.75.39 - - [11/Apr/2019:11:05:20 +0000] "GET /login HTTP/1.1" 200 7268 "http://18.216.84.59:8080" "Go-http-client/1.1"
welcome: Unable to identify user...redirecting to login
::ffff:18.216.240.153 - - [11/Apr/2019:11:06:54 +0000] "GET / HTTP/1.1" 302 28 "-" "Go-http-client/1.1"
::ffff:18.216.240.153 - - [11/Apr/2019:11:06:54 +0000] "GET /login HTTP/1.1" 200 7268 "http://18.216.84.59:8080" "Go-http-client/1.1"
welcome: Unable to identify user...redirecting to login
::ffff:18.216.252.154 - - [11/Apr/2019:11:07:35 +0000] "GET / HTTP/1.1" 302 28 "-" "Go-http-client/1.1"
::ffff:18.216.252.154 - - [11/Apr/2019:11:07:35 +0000] "GET /login HTTP/1.1" 200 7268 "http://18.216.84.59:8080" "Go-http-client/1.1"
welcome: Unable to identify user...redirecting to login
::ffff:18.216.21.40 - - [11/Apr/2019:11:12:56 +0000] "GET / HTTP/1.1" 302 28 "-" "Go-http-client/1.1"
::ffff:18.216.21.40 - - [11/Apr/2019:11:12:56 +0000] "GET /login HTTP/1.1" 200 7268 "http://18.216.84.59:8080" "Go-http-client/1.1"
welcome: Unable to identify user...redirecting to login
::ffff:18.216.151.225 - - [11/Apr/2019:11:16:01 +0000] "GET / HTTP/1.1" 302 28 "-" "Go-http-client/1.1"
::ffff:18.216.151.225 - - [11/Apr/2019:11:16:01 +0000] "GET /login HTTP/1.1" 200 7268 "http://18.216.84.59:8080" "Go-http-client/1.1"
welcome: Unable to identify user...redirecting to login
::ffff:18.216.54.50 - - [11/Apr/2019:11:21:42 +0000] "GET / HTTP/1.1" 302 28 "-" "Go-http-client/1.1"
::ffff:18.216.54.50 - - [11/Apr/2019:11:21:42 +0000] "GET /login HTTP/1.1" 200 7268 "http://18.216.84.59:8080" "Go-http-client/1.1"
welcome: Unable to identify user...redirecting to login
::ffff:18.216.95.132 - - [11/Apr/2019:11:23:11 +0000] "GET / HTTP/1.1" 302 28 "-" "Go-http-client/1.1"
::ffff:18.216.95.132 - - [11/Apr/2019:11:23:11 +0000] "GET /login HTTP/1.1" 200 7268 "http://18.216.84.59:8080" "Go-http-client/1.1"
welcome: Unable to identify user...redirecting to login
::ffff:78.108.177.52 - - [11/Apr/2019:11:25:23 +0000] "GET / HTTP/1.0" 302 28 "-" "Mozilla/5.0 (Windows NT 6.1; WOW64; rv:45.0) Gecko/20100101 Firefox/45.0"
welcome: Unable to identify user...redirecting to login
::ffff:18.216.75.39 - - [11/Apr/2019:11:27:33 +0000] "GET / HTTP/1.1" 302 28 "-" "Go-http-client/1.1"
::ffff:18.216.75.39 - - [11/Apr/2019:11:27:33 +0000] "GET /login HTTP/1.1" 200 7268 "http://18.216.84.59:8080" "Go-http-client/1.1"
welcome: Unable to identify user...redirecting to login
::ffff:18.216.240.153 - - [11/Apr/2019:11:29:08 +0000] "GET / HTTP/1.1" 302 28 "-" "Go-http-client/1.1"
::ffff:18.216.240.153 - - [11/Apr/2019:11:29:08 +0000] "GET /login HTTP/1.1" 200 7268 "http://18.216.84.59:8080" "Go-http-client/1.1"
welcome: Unable to identify user...redirecting to login
::ffff:18.216.252.154 - - [11/Apr/2019:11:29:46 +0000] "GET / HTTP/1.1" 302 28 "-" "Go-http-client/1.1"
::ffff:18.216.252.154 - - [11/Apr/2019:11:29:46 +0000] "GET /login HTTP/1.1" 200 7268 "http://18.216.84.59:8080" "Go-http-client/1.1"
welcome: Unable to identify user...redirecting to login
::ffff:18.216.21.40 - - [11/Apr/2019:11:35:03 +0000] "GET / HTTP/1.1" 302 28 "-" "Go-http-client/1.1"
::ffff:18.216.21.40 - - [11/Apr/2019:11:35:03 +0000] "GET /login HTTP/1.1" 200 7268 "http://18.216.84.59:8080" "Go-http-client/1.1"
welcome: Unable to identify user...redirecting to login
::ffff:18.216.151.225 - - [11/Apr/2019:11:38:19 +0000] "GET / HTTP/1.1" 302 28 "-" "Go-http-client/1.1"
::ffff:18.216.151.225 - - [11/Apr/2019:11:38:19 +0000] "GET /login HTTP/1.1" 200 7268 "http://18.216.84.59:8080" "Go-http-client/1.1"
welcome: Unable to identify user...redirecting to login
::ffff:18.216.54.50 - - [11/Apr/2019:11:43:52 +0000] "GET / HTTP/1.1" 302 28 "-" "Go-http-client/1.1"
::ffff:18.216.54.50 - - [11/Apr/2019:11:43:52 +0000] "GET /login HTTP/1.1" 200 7268 "http://18.216.84.59:8080" "Go-http-client/1.1"
welcome: Unable to identify user...redirecting to login
::ffff:18.216.95.132 - - [11/Apr/2019:11:45:32 +0000] "GET / HTTP/1.1" 302 28 "-" "Go-http-client/1.1"
::ffff:18.216.95.132 - - [11/Apr/2019:11:45:32 +0000] "GET /login HTTP/1.1" 200 7268 "http://18.216.84.59:8080" "Go-http-client/1.1"
welcome: Unable to identify user...redirecting to login
::ffff:18.216.75.39 - - [11/Apr/2019:11:49:45 +0000] "GET / HTTP/1.1" 302 28 "-" "Go-http-client/1.1"
::ffff:18.216.75.39 - - [11/Apr/2019:11:49:45 +0000] "GET /login HTTP/1.1" 200 7268 "http://18.216.84.59:8080" "Go-http-client/1.1"
welcome: Unable to identify user...redirecting to login
::ffff:18.216.240.153 - - [11/Apr/2019:11:51:21 +0000] "GET / HTTP/1.1" 302 28 "-" "Go-http-client/1.1"
::ffff:18.216.240.153 - - [11/Apr/2019:11:51:21 +0000] "GET /login HTTP/1.1" 200 7268 "http://18.216.84.59:8080" "Go-http-client/1.1"
welcome: Unable to identify user...redirecting to login
::ffff:18.216.252.154 - - [11/Apr/2019:11:51:58 +0000] "GET / HTTP/1.1" 302 28 "-" "Go-http-client/1.1"
::ffff:18.216.252.154 - - [11/Apr/2019:11:51:58 +0000] "GET /login HTTP/1.1" 200 7268 "http://18.216.84.59:8080" "Go-http-client/1.1"
welcome: Unable to identify user...redirecting to login
::ffff:18.216.21.40 - - [11/Apr/2019:11:57:09 +0000] "GET / HTTP/1.1" 302 28 "-" "Go-http-client/1.1"
::ffff:18.216.21.40 - - [11/Apr/2019:11:57:09 +0000] "GET /login HTTP/1.1" 200 7268 "http://18.216.84.59:8080" "Go-http-client/1.1"
welcome: Unable to identify user...redirecting to login
::ffff:18.216.151.225 - - [11/Apr/2019:12:00:37 +0000] "GET / HTTP/1.1" 302 28 "-" "Go-http-client/1.1"
::ffff:18.216.151.225 - - [11/Apr/2019:12:00:37 +0000] "GET /login HTTP/1.1" 200 7268 "http://18.216.84.59:8080" "Go-http-client/1.1"
welcome: Unable to identify user...redirecting to login
::ffff:18.216.54.50 - - [11/Apr/2019:12:06:01 +0000] "GET / HTTP/1.1" 302 28 "-" "Go-http-client/1.1"
::ffff:18.216.54.50 - - [11/Apr/2019:12:06:01 +0000] "GET /login HTTP/1.1" 200 7268 "http://18.216.84.59:8080" "Go-http-client/1.1"
welcome: Unable to identify user...redirecting to login
::ffff:18.216.95.132 - - [11/Apr/2019:12:07:54 +0000] "GET / HTTP/1.1" 302 28 "-" "Go-http-client/1.1"
::ffff:18.216.95.132 - - [11/Apr/2019:12:07:54 +0000] "GET /login HTTP/1.1" 200 7268 "http://18.216.84.59:8080" "Go-http-client/1.1"
welcome: Unable to identify user...redirecting to login
::ffff:18.216.75.39 - - [11/Apr/2019:12:11:56 +0000] "GET / HTTP/1.1" 302 28 "-" "Go-http-client/1.1"
::ffff:18.216.75.39 - - [11/Apr/2019:12:11:56 +0000] "GET /login HTTP/1.1" 200 7268 "http://18.216.84.59:8080" "Go-http-client/1.1"
welcome: Unable to identify user...redirecting to login
::ffff:18.216.240.153 - - [11/Apr/2019:12:13:34 +0000] "GET / HTTP/1.1" 302 28 "-" "Go-http-client/1.1"
::ffff:18.216.240.153 - - [11/Apr/2019:12:13:34 +0000] "GET /login HTTP/1.1" 200 7268 "http://18.216.84.59:8080" "Go-http-client/1.1"
welcome: Unable to identify user...redirecting to login
::ffff:18.216.252.154 - - [11/Apr/2019:12:14:09 +0000] "GET / HTTP/1.1" 302 28 "-" "Go-http-client/1.1"
::ffff:18.216.252.154 - - [11/Apr/2019:12:14:09 +0000] "GET /login HTTP/1.1" 200 7268 "http://18.216.84.59:8080" "Go-http-client/1.1"
welcome: Unable to identify user...redirecting to login
::ffff:18.216.21.40 - - [11/Apr/2019:12:19:16 +0000] "GET / HTTP/1.1" 302 28 "-" "Go-http-client/1.1"
::ffff:18.216.21.40 - - [11/Apr/2019:12:19:16 +0000] "GET /login HTTP/1.1" 200 7268 "http://18.216.84.59:8080" "Go-http-client/1.1"
welcome: Unable to identify user...redirecting to login
::ffff:18.216.151.225 - - [11/Apr/2019:12:22:55 +0000] "GET / HTTP/1.1" 302 28 "-" "Go-http-client/1.1"
::ffff:18.216.151.225 - - [11/Apr/2019:12:22:55 +0000] "GET /login HTTP/1.1" 200 7268 "http://18.216.84.59:8080" "Go-http-client/1.1"
welcome: Unable to identify user...redirecting to login
::ffff:46.174.191.30 - - [11/Apr/2019:12:27:12 +0000] "GET / HTTP/1.0" 302 28 "-" "Mozilla/5.0 (Windows; U; Windows NT 6.0; en-US) AppleWebKit/525.19 (KHTML, like Gecko) Chrome/1.0.154.46 Safari/525.19"
welcome: Unable to identify user...redirecting to login
::ffff:18.216.54.50 - - [11/Apr/2019:12:28:11 +0000] "GET / HTTP/1.1" 302 28 "-" "Go-http-client/1.1"
::ffff:18.216.54.50 - - [11/Apr/2019:12:28:11 +0000] "GET /login HTTP/1.1" 200 7268 "http://18.216.84.59:8080" "Go-http-client/1.1"
welcome: Unable to identify user...redirecting to login
::ffff:18.216.95.132 - - [11/Apr/2019:12:30:25 +0000] "GET / HTTP/1.1" 302 28 "-" "Go-http-client/1.1"
::ffff:18.216.95.132 - - [11/Apr/2019:12:30:25 +0000] "GET /login HTTP/1.1" 200 7268 "http://18.216.84.59:8080" "Go-http-client/1.1"
welcome: Unable to identify user...redirecting to login
::ffff:18.216.75.39 - - [11/Apr/2019:12:34:07 +0000] "GET / HTTP/1.1" 302 28 "-" "Go-http-client/1.1"
::ffff:18.216.75.39 - - [11/Apr/2019:12:34:07 +0000] "GET /login HTTP/1.1" 200 7268 "http://18.216.84.59:8080" "Go-http-client/1.1"
welcome: Unable to identify user...redirecting to login
::ffff:18.216.240.153 - - [11/Apr/2019:12:35:47 +0000] "GET / HTTP/1.1" 302 28 "-" "Go-http-client/1.1"
::ffff:18.216.240.153 - - [11/Apr/2019:12:35:47 +0000] "GET /login HTTP/1.1" 200 7268 "http://18.216.84.59:8080" "Go-http-client/1.1"
welcome: Unable to identify user...redirecting to login
::ffff:18.216.252.154 - - [11/Apr/2019:12:36:20 +0000] "GET / HTTP/1.1" 302 28 "-" "Go-http-client/1.1"
::ffff:18.216.252.154 - - [11/Apr/2019:12:36:20 +0000] "GET /login HTTP/1.1" 200 7268 "http://18.216.84.59:8080" "Go-http-client/1.1"
welcome: Unable to identify user...redirecting to login
::ffff:18.216.21.40 - - [11/Apr/2019:12:41:23 +0000] "GET / HTTP/1.1" 302 28 "-" "Go-http-client/1.1"
::ffff:18.216.21.40 - - [11/Apr/2019:12:41:23 +0000] "GET /login HTTP/1.1" 200 7268 "http://18.216.84.59:8080" "Go-http-client/1.1"
welcome: Unable to identify user...redirecting to login
::ffff:18.216.151.225 - - [11/Apr/2019:12:45:14 +0000] "GET / HTTP/1.1" 302 28 "-" "Go-http-client/1.1"
::ffff:18.216.151.225 - - [11/Apr/2019:12:45:14 +0000] "GET /login HTTP/1.1" 200 7268 "http://18.216.84.59:8080" "Go-http-client/1.1"
welcome: Unable to identify user...redirecting to login
::ffff:18.216.54.50 - - [11/Apr/2019:12:50:20 +0000] "GET / HTTP/1.1" 302 28 "-" "Go-http-client/1.1"
::ffff:18.216.54.50 - - [11/Apr/2019:12:50:20 +0000] "GET /login HTTP/1.1" 200 7268 "http://18.216.84.59:8080" "Go-http-client/1.1"
welcome: Unable to identify user...redirecting to login
::ffff:18.216.95.132 - - [11/Apr/2019:12:53:29 +0000] "GET / HTTP/1.1" 302 28 "-" "Go-http-client/1.1"
::ffff:18.216.95.132 - - [11/Apr/2019:12:53:29 +0000] "GET /login HTTP/1.1" 200 7268 "http://18.216.84.59:8080" "Go-http-client/1.1"
welcome: Unable to identify user...redirecting to login
::ffff:18.216.75.39 - - [11/Apr/2019:12:56:18 +0000] "GET / HTTP/1.1" 302 28 "-" "Go-http-client/1.1"
::ffff:18.216.75.39 - - [11/Apr/2019:12:56:18 +0000] "GET /login HTTP/1.1" 200 7268 "http://18.216.84.59:8080" "Go-http-client/1.1"
welcome: Unable to identify user...redirecting to login
::ffff:18.216.240.153 - - [11/Apr/2019:12:58:03 +0000] "GET / HTTP/1.1" 302 28 "-" "Go-http-client/1.1"
::ffff:18.216.240.153 - - [11/Apr/2019:12:58:03 +0000] "GET /login HTTP/1.1" 200 7268 "http://18.216.84.59:8080" "Go-http-client/1.1"
welcome: Unable to identify user...redirecting to login
::ffff:18.216.252.154 - - [11/Apr/2019:12:58:31 +0000] "GET / HTTP/1.1" 302 28 "-" "Go-http-client/1.1"
::ffff:18.216.252.154 - - [11/Apr/2019:12:58:31 +0000] "GET /login HTTP/1.1" 200 7268 "http://18.216.84.59:8080" "Go-http-client/1.1"
welcome: Unable to identify user...redirecting to login
::ffff:18.216.21.40 - - [11/Apr/2019:13:03:29 +0000] "GET / HTTP/1.1" 302 28 "-" "Go-http-client/1.1"
::ffff:18.216.21.40 - - [11/Apr/2019:13:03:29 +0000] "GET /login HTTP/1.1" 200 7268 "http://18.216.84.59:8080" "Go-http-client/1.1"
welcome: Unable to identify user...redirecting to login
::ffff:18.216.151.225 - - [11/Apr/2019:13:07:33 +0000] "GET / HTTP/1.1" 302 28 "-" "Go-http-client/1.1"
::ffff:18.216.151.225 - - [11/Apr/2019:13:07:33 +0000] "GET /login HTTP/1.1" 200 7268 "http://18.216.84.59:8080" "Go-http-client/1.1"
welcome: Unable to identify user...redirecting to login
::ffff:18.216.54.50 - - [11/Apr/2019:13:12:30 +0000] "GET / HTTP/1.1" 302 28 "-" "Go-http-client/1.1"
::ffff:18.216.54.50 - - [11/Apr/2019:13:12:30 +0000] "GET /login HTTP/1.1" 200 7268 "http://18.216.84.59:8080" "Go-http-client/1.1"
welcome: Unable to identify user...redirecting to login
::ffff:18.216.95.132 - - [11/Apr/2019:13:15:57 +0000] "GET / HTTP/1.1" 302 28 "-" "Go-http-client/1.1"
::ffff:18.216.95.132 - - [11/Apr/2019:13:15:57 +0000] "GET /login HTTP/1.1" 200 7268 "http://18.216.84.59:8080" "Go-http-client/1.1"
welcome: Unable to identify user...redirecting to login
::ffff:18.216.75.39 - - [11/Apr/2019:13:18:29 +0000] "GET / HTTP/1.1" 302 28 "-" "Go-http-client/1.1"
::ffff:18.216.75.39 - - [11/Apr/2019:13:18:29 +0000] "GET /login HTTP/1.1" 200 7268 "http://18.216.84.59:8080" "Go-http-client/1.1"
welcome: Unable to identify user...redirecting to login
::ffff:18.216.240.153 - - [11/Apr/2019:13:20:16 +0000] "GET / HTTP/1.1" 302 28 "-" "Go-http-client/1.1"
::ffff:18.216.240.153 - - [11/Apr/2019:13:20:16 +0000] "GET /login HTTP/1.1" 200 7268 "http://18.216.84.59:8080" "Go-http-client/1.1"
welcome: Unable to identify user...redirecting to login
::ffff:18.216.252.154 - - [11/Apr/2019:13:20:41 +0000] "GET / HTTP/1.1" 302 28 "-" "Go-http-client/1.1"
::ffff:18.216.252.154 - - [11/Apr/2019:13:20:41 +0000] "GET /login HTTP/1.1" 200 7268 "http://18.216.84.59:8080" "Go-http-client/1.1"
welcome: Unable to identify user...redirecting to login
::ffff:18.216.21.40 - - [11/Apr/2019:13:25:36 +0000] "GET / HTTP/1.1" 302 28 "-" "Go-http-client/1.1"
::ffff:18.216.21.40 - - [11/Apr/2019:13:25:36 +0000] "GET /login HTTP/1.1" 200 7268 "http://18.216.84.59:8080" "Go-http-client/1.1"
welcome: Unable to identify user...redirecting to login
::ffff:18.216.151.225 - - [11/Apr/2019:13:29:54 +0000] "GET / HTTP/1.1" 302 28 "-" "Go-http-client/1.1"
::ffff:18.216.151.225 - - [11/Apr/2019:13:29:54 +0000] "GET /login HTTP/1.1" 200 7268 "http://18.216.84.59:8080" "Go-http-client/1.1"
welcome: Unable to identify user...redirecting to login
::ffff:18.216.54.50 - - [11/Apr/2019:13:34:40 +0000] "GET / HTTP/1.1" 302 28 "-" "Go-http-client/1.1"
::ffff:18.216.54.50 - - [11/Apr/2019:13:34:40 +0000] "GET /login HTTP/1.1" 200 7268 "http://18.216.84.59:8080" "Go-http-client/1.1"
welcome: Unable to identify user...redirecting to login
::ffff:18.216.95.132 - - [11/Apr/2019:13:38:28 +0000] "GET / HTTP/1.1" 302 28 "-" "Go-http-client/1.1"
::ffff:18.216.95.132 - - [11/Apr/2019:13:38:28 +0000] "GET /login HTTP/1.1" 200 7268 "http://18.216.84.59:8080" "Go-http-client/1.1"
welcome: Unable to identify user...redirecting to login
::ffff:18.216.75.39 - - [11/Apr/2019:13:40:40 +0000] "GET / HTTP/1.1" 302 28 "-" "Go-http-client/1.1"
::ffff:18.216.75.39 - - [11/Apr/2019:13:40:40 +0000] "GET /login HTTP/1.1" 200 7268 "http://18.216.84.59:8080" "Go-http-client/1.1"
welcome: Unable to identify user...redirecting to login
::ffff:18.216.240.153 - - [11/Apr/2019:13:42:28 +0000] "GET / HTTP/1.1" 302 28 "-" "Go-http-client/1.1"
::ffff:18.216.240.153 - - [11/Apr/2019:13:42:28 +0000] "GET /login HTTP/1.1" 200 7268 "http://18.216.84.59:8080" "Go-http-client/1.1"
welcome: Unable to identify user...redirecting to login
::ffff:18.216.252.154 - - [11/Apr/2019:13:42:52 +0000] "GET / HTTP/1.1" 302 28 "-" "Go-http-client/1.1"
::ffff:18.216.252.154 - - [11/Apr/2019:13:42:52 +0000] "GET /login HTTP/1.1" 200 7268 "http://18.216.84.59:8080" "Go-http-client/1.1"
welcome: Unable to identify user...redirecting to login
::ffff:18.216.21.40 - - [11/Apr/2019:13:47:42 +0000] "GET / HTTP/1.1" 302 28 "-" "Go-http-client/1.1"
::ffff:18.216.21.40 - - [11/Apr/2019:13:47:42 +0000] "GET /login HTTP/1.1" 200 7268 "http://18.216.84.59:8080" "Go-http-client/1.1"
welcome: Unable to identify user...redirecting to login
::ffff:18.216.151.225 - - [11/Apr/2019:13:52:15 +0000] "GET / HTTP/1.1" 302 28 "-" "Go-http-client/1.1"
::ffff:18.216.151.225 - - [11/Apr/2019:13:52:15 +0000] "GET /login HTTP/1.1" 200 7268 "http://18.216.84.59:8080" "Go-http-client/1.1"
welcome: Unable to identify user...redirecting to login
::ffff:18.216.54.50 - - [11/Apr/2019:13:56:49 +0000] "GET / HTTP/1.1" 302 28 "-" "Go-http-client/1.1"
::ffff:18.216.54.50 - - [11/Apr/2019:13:56:49 +0000] "GET /login HTTP/1.1" 200 7268 "http://18.216.84.59:8080" "Go-http-client/1.1"
welcome: Unable to identify user...redirecting to login
::ffff:18.216.95.132 - - [11/Apr/2019:14:01:04 +0000] "GET / HTTP/1.1" 302 28 "-" "Go-http-client/1.1"
::ffff:18.216.95.132 - - [11/Apr/2019:14:01:04 +0000] "GET /login HTTP/1.1" 200 7268 "http://18.216.84.59:8080" "Go-http-client/1.1"
welcome: Unable to identify user...redirecting to login
::ffff:18.216.75.39 - - [11/Apr/2019:14:02:51 +0000] "GET / HTTP/1.1" 302 28 "-" "Go-http-client/1.1"
::ffff:18.216.75.39 - - [11/Apr/2019:14:02:51 +0000] "GET /login HTTP/1.1" 200 7268 "http://18.216.84.59:8080" "Go-http-client/1.1"
welcome: Unable to identify user...redirecting to login
::ffff:18.216.240.153 - - [11/Apr/2019:14:04:42 +0000] "GET / HTTP/1.1" 302 28 "-" "Go-http-client/1.1"
::ffff:18.216.240.153 - - [11/Apr/2019:14:04:42 +0000] "GET /login HTTP/1.1" 200 7268 "http://18.216.84.59:8080" "Go-http-client/1.1"
welcome: Unable to identify user...redirecting to login
::ffff:18.216.252.154 - - [11/Apr/2019:14:05:03 +0000] "GET / HTTP/1.1" 302 28 "-" "Go-http-client/1.1"
::ffff:18.216.252.154 - - [11/Apr/2019:14:05:03 +0000] "GET /login HTTP/1.1" 200 7268 "http://18.216.84.59:8080" "Go-http-client/1.1"
welcome: Unable to identify user...redirecting to login
::ffff:18.216.21.40 - - [11/Apr/2019:14:09:49 +0000] "GET / HTTP/1.1" 302 28 "-" "Go-http-client/1.1"
::ffff:18.216.21.40 - - [11/Apr/2019:14:09:49 +0000] "GET /login HTTP/1.1" 200 7268 "http://18.216.84.59:8080" "Go-http-client/1.1"
welcome: Unable to identify user...redirecting to login
::ffff:18.216.151.225 - - [11/Apr/2019:14:14:36 +0000] "GET / HTTP/1.1" 302 28 "-" "Go-http-client/1.1"
::ffff:18.216.151.225 - - [11/Apr/2019:14:14:36 +0000] "GET /login HTTP/1.1" 200 7268 "http://18.216.84.59:8080" "Go-http-client/1.1"
welcome: Unable to identify user...redirecting to login
::ffff:18.216.54.50 - - [11/Apr/2019:14:18:59 +0000] "GET / HTTP/1.1" 302 28 "-" "Go-http-client/1.1"
::ffff:18.216.54.50 - - [11/Apr/2019:14:18:59 +0000] "GET /login HTTP/1.1" 200 7268 "http://18.216.84.59:8080" "Go-http-client/1.1"
welcome: Unable to identify user...redirecting to login
::ffff:18.216.95.132 - - [11/Apr/2019:14:23:27 +0000] "GET / HTTP/1.1" 302 28 "-" "Go-http-client/1.1"
::ffff:18.216.95.132 - - [11/Apr/2019:14:23:27 +0000] "GET /login HTTP/1.1" 200 7268 "http://18.216.84.59:8080" "Go-http-client/1.1"
welcome: Unable to identify user...redirecting to login
::ffff:18.216.75.39 - - [11/Apr/2019:14:25:02 +0000] "GET / HTTP/1.1" 302 28 "-" "Go-http-client/1.1"
::ffff:18.216.75.39 - - [11/Apr/2019:14:25:02 +0000] "GET /login HTTP/1.1" 200 7268 "http://18.216.84.59:8080" "Go-http-client/1.1"
welcome: Unable to identify user...redirecting to login
::ffff:18.216.240.153 - - [11/Apr/2019:14:26:55 +0000] "GET / HTTP/1.1" 302 28 "-" "Go-http-client/1.1"
::ffff:18.216.240.153 - - [11/Apr/2019:14:26:55 +0000] "GET /login HTTP/1.1" 200 7268 "http://18.216.84.59:8080" "Go-http-client/1.1"
welcome: Unable to identify user...redirecting to login
::ffff:18.216.252.154 - - [11/Apr/2019:14:27:14 +0000] "GET / HTTP/1.1" 302 28 "-" "Go-http-client/1.1"
::ffff:18.216.252.154 - - [11/Apr/2019:14:27:14 +0000] "GET /login HTTP/1.1" 200 7268 "http://18.216.84.59:8080" "Go-http-client/1.1"
welcome: Unable to identify user...redirecting to login
::ffff:18.216.21.40 - - [11/Apr/2019:14:31:56 +0000] "GET / HTTP/1.1" 302 28 "-" "Go-http-client/1.1"
::ffff:18.216.21.40 - - [11/Apr/2019:14:31:56 +0000] "GET /login HTTP/1.1" 200 7268 "http://18.216.84.59:8080" "Go-http-client/1.1"
redirecting to login
::ffff:59.47.71.21 - - [11/Apr/2019:14:34:59 +0000] "GET /manager/html HTTP/1.1" 302 56 "-" "Mozilla/5.0 (compatible; MSIE 10.0; Windows NT 6.2; WOW64; Trident/6.0)"
welcome: Unable to identify user...redirecting to login
::ffff:18.216.151.225 - - [11/Apr/2019:14:36:56 +0000] "GET / HTTP/1.1" 302 28 "-" "Go-http-client/1.1"
::ffff:18.216.151.225 - - [11/Apr/2019:14:36:56 +0000] "GET /login HTTP/1.1" 200 7268 "http://18.216.84.59:8080" "Go-http-client/1.1"
welcome: Unable to identify user...redirecting to login
::ffff:18.216.54.50 - - [11/Apr/2019:14:41:09 +0000] "GET / HTTP/1.1" 302 28 "-" "Go-http-client/1.1"
::ffff:18.216.54.50 - - [11/Apr/2019:14:41:09 +0000] "GET /login HTTP/1.1" 200 7268 "http://18.216.84.59:8080" "Go-http-client/1.1"
welcome: Unable to identify user...redirecting to login
::ffff:18.216.95.132 - - [11/Apr/2019:14:45:49 +0000] "GET / HTTP/1.1" 302 28 "-" "Go-http-client/1.1"
::ffff:18.216.95.132 - - [11/Apr/2019:14:45:49 +0000] "GET /login HTTP/1.1" 200 7268 "http://18.216.84.59:8080" "Go-http-client/1.1"
welcome: Unable to identify user...redirecting to login
::ffff:18.216.75.39 - - [11/Apr/2019:14:47:13 +0000] "GET / HTTP/1.1" 302 28 "-" "Go-http-client/1.1"
::ffff:18.216.75.39 - - [11/Apr/2019:14:47:13 +0000] "GET /login HTTP/1.1" 200 7268 "http://18.216.84.59:8080" "Go-http-client/1.1"
welcome: Unable to identify user...redirecting to login
::ffff:18.216.240.153 - - [11/Apr/2019:14:49:08 +0000] "GET / HTTP/1.1" 302 28 "-" "Go-http-client/1.1"
::ffff:18.216.240.153 - - [11/Apr/2019:14:49:08 +0000] "GET /login HTTP/1.1" 200 7268 "http://18.216.84.59:8080" "Go-http-client/1.1"
welcome: Unable to identify user...redirecting to login
::ffff:18.216.252.154 - - [11/Apr/2019:14:49:25 +0000] "GET / HTTP/1.1" 302 28 "-" "Go-http-client/1.1"
::ffff:18.216.252.154 - - [11/Apr/2019:14:49:25 +0000] "GET /login HTTP/1.1" 200 7268 "http://18.216.84.59:8080" "Go-http-client/1.1"
welcome: Unable to identify user...redirecting to login
::ffff:18.216.21.40 - - [11/Apr/2019:14:54:02 +0000] "GET / HTTP/1.1" 302 28 "-" "Go-http-client/1.1"
::ffff:18.216.21.40 - - [11/Apr/2019:14:54:02 +0000] "GET /login HTTP/1.1" 200 7268 "http://18.216.84.59:8080" "Go-http-client/1.1"
welcome: Unable to identify user...redirecting to login
::ffff:18.216.151.225 - - [11/Apr/2019:14:59:17 +0000] "GET / HTTP/1.1" 302 28 "-" "Go-http-client/1.1"
::ffff:18.216.151.225 - - [11/Apr/2019:14:59:17 +0000] "GET /login HTTP/1.1" 200 7268 "http://18.216.84.59:8080" "Go-http-client/1.1"
welcome: Unable to identify user...redirecting to login
::ffff:46.174.191.31 - - [11/Apr/2019:15:22:05 +0000] "GET / HTTP/1.0" 302 28 "-" "Mozilla/5.0 (Windows; U; Windows NT 6.0; en-US) AppleWebKit/525.19 (KHTML, like Gecko) Chrome/1.0.154.46 Safari/525.19"
welcome: Unable to identify user...redirecting to login
::ffff:78.108.177.53 - - [11/Apr/2019:15:23:07 +0000] "GET / HTTP/1.0" 302 28 "-" "Mozilla/5.0 (Windows NT 6.1; WOW64; rv:45.0) Gecko/20100101 Firefox/45.0"
welcome: Unable to identify user...redirecting to login
::ffff:18.216.54.50 - - [11/Apr/2019:15:37:19 +0000] "GET / HTTP/1.1" 302 28 "-" "Go-http-client/1.1"
::ffff:18.216.54.50 - - [11/Apr/2019:15:37:19 +0000] "GET /login HTTP/1.1" 200 7268 "http://18.216.84.59:8080" "Go-http-client/1.1"
welcome: Unable to identify user...redirecting to login
::ffff:18.216.95.132 - - [11/Apr/2019:15:37:22 +0000] "GET / HTTP/1.1" 302 28 "-" "Go-http-client/1.1"
::ffff:18.216.95.132 - - [11/Apr/2019:15:37:22 +0000] "GET /login HTTP/1.1" 200 7268 "http://18.216.84.59:8080" "Go-http-client/1.1"
welcome: Unable to identify user...redirecting to login
::ffff:18.216.252.154 - - [11/Apr/2019:15:37:30 +0000] "GET / HTTP/1.1" 302 28 "-" "Go-http-client/1.1"
::ffff:18.216.252.154 - - [11/Apr/2019:15:37:30 +0000] "GET /login HTTP/1.1" 200 7268 "http://18.216.84.59:8080" "Go-http-client/1.1"
welcome: Unable to identify user...redirecting to login
::ffff:18.216.21.40 - - [11/Apr/2019:15:37:35 +0000] "GET / HTTP/1.1" 302 28 "-" "Go-http-client/1.1"
::ffff:18.216.21.40 - - [11/Apr/2019:15:37:35 +0000] "GET /login HTTP/1.1" 200 7268 "http://18.216.84.59:8080" "Go-http-client/1.1"
welcome: Unable to identify user...redirecting to login
::ffff:18.216.75.39 - - [11/Apr/2019:15:37:35 +0000] "GET / HTTP/1.1" 302 28 "-" "Go-http-client/1.1"
::ffff:18.216.75.39 - - [11/Apr/2019:15:37:35 +0000] "GET /login HTTP/1.1" 200 7268 "http://18.216.84.59:8080" "Go-http-client/1.1"
welcome: Unable to identify user...redirecting to login
::ffff:18.216.151.225 - - [11/Apr/2019:15:37:36 +0000] "GET / HTTP/1.1" 302 28 "-" "Go-http-client/1.1"
::ffff:18.216.151.225 - - [11/Apr/2019:15:37:36 +0000] "GET /login HTTP/1.1" 200 7268 "http://18.216.84.59:8080" "Go-http-client/1.1"
welcome: Unable to identify user...redirecting to login
::ffff:18.216.192.139 - - [11/Apr/2019:16:15:46 +0000] "GET / HTTP/1.1" 302 28 "-" "Go-http-client/1.1"
::ffff:18.216.192.139 - - [11/Apr/2019:16:15:46 +0000] "GET /login HTTP/1.1" 200 7268 "http://18.216.84.59:8080" "Go-http-client/1.1"
welcome: Unable to identify user...redirecting to login
::ffff:18.216.53.230 - - [11/Apr/2019:16:24:46 +0000] "GET / HTTP/1.1" 302 28 "-" "Go-http-client/1.1"
::ffff:18.216.53.230 - - [11/Apr/2019:16:24:46 +0000] "GET /login HTTP/1.1" 200 7268 "http://18.216.84.59:8080" "Go-http-client/1.1"
welcome: Unable to identify user...redirecting to login
::ffff:179.98.92.86 - - [11/Apr/2019:16:48:16 +0000] "GET / HTTP/1.1" 302 28 "-" "Mozilla/5.0 (Windows NT 10.0; WOW64) AppleWebKit/537.36 (KHTML, like Gecko) Chrome/52.0.2743.116 Safari/537.36"
welcome: Unable to identify user...redirecting to login
::ffff:179.98.92.86 - - [11/Apr/2019:16:48:16 +0000] "GET / HTTP/1.1" 302 28 "-" "Mozilla/5.0 (Windows NT 6.1; WOW64) AppleWebKit/537.36 (KHTML, like Gecko) Chrome/51.0.2704.103 Safari/537.36"
welcome: Unable to identify user...redirecting to login
::ffff:18.216.21.40 - - [11/Apr/2019:17:17:19 +0000] "GET / HTTP/1.1" 302 28 "-" "Go-http-client/1.1"
::ffff:18.216.21.40 - - [11/Apr/2019:17:17:19 +0000] "GET /login HTTP/1.1" 200 7268 "http://18.216.84.59:8080" "Go-http-client/1.1"
welcome: Unable to identify user...redirecting to login
::ffff:18.216.145.222 - - [11/Apr/2019:17:29:51 +0000] "GET / HTTP/1.1" 302 28 "-" "Go-http-client/1.1"
::ffff:18.216.145.222 - - [11/Apr/2019:17:29:51 +0000] "GET /login HTTP/1.1" 200 7268 "http://18.216.84.59:8080" "Go-http-client/1.1"
welcome: Unable to identify user...redirecting to login
::ffff:85.52.253.186 - - [11/Apr/2019:17:32:50 +0000] "GET / HTTP/1.1" 302 28 "-" "Mozilla/5.0 (Windows NT 10.0; WOW64) AppleWebKit/537.36 (KHTML, like Gecko) Chrome/51.0.2704.103 Safari/537.36"
welcome: Unable to identify user...redirecting to login
::ffff:18.216.21.40 - - [11/Apr/2019:17:37:19 +0000] "GET / HTTP/1.1" 302 28 "-" "Go-http-client/1.1"
::ffff:18.216.21.40 - - [11/Apr/2019:17:37:19 +0000] "GET /login HTTP/1.1" 200 7268 "http://18.216.84.59:8080" "Go-http-client/1.1"
welcome: Unable to identify user...redirecting to login
::ffff:138.0.227.54 - - [11/Apr/2019:18:26:51 +0000] "GET / HTTP/1.1" 302 28 "-" "Mozilla/5.0 (Windows NT 6.1; WOW64) AppleWebKit/537.36 (KHTML, like Gecko) Chrome/51.0.2704.103 Safari/537.36"
welcome: Unable to identify user...redirecting to login
::ffff:104.152.52.30 - - [11/Apr/2019:18:45:29 +0000] "GET / HTTP/1.0" 302 28 "-" "masscan/1.0 (https://github.com/robertdavidgraham/masscan)"
welcome: Unable to identify user...redirecting to login
::ffff:78.108.177.50 - - [11/Apr/2019:19:15:39 +0000] "GET / HTTP/1.0" 302 28 "-" "Mozilla/5.0 (Windows NT 6.1; WOW64; rv:45.0) Gecko/20100101 Firefox/45.0"
welcome: Unable to identify user...redirecting to login
::ffff:36.85.26.251 - - [11/Apr/2019:21:35:52 +0000] "GET / HTTP/1.1" 302 28 "-" "Mozilla/5.0 (Windows NT 6.1; WOW64) AppleWebKit/537.36 (KHTML, like Gecko) Chrome/51.0.2704.103 Safari/537.36"
welcome: Unable to identify user...redirecting to login
::ffff:46.174.191.30 - - [11/Apr/2019:21:51:37 +0000] "GET / HTTP/1.0" 302 28 "-" "Mozilla/5.0 (Windows; U; Windows NT 6.0; en-US) AppleWebKit/525.19 (KHTML, like Gecko) Chrome/1.0.154.46 Safari/525.19"
welcome: Unable to identify user...redirecting to login
::ffff:78.108.177.50 - - [11/Apr/2019:22:05:19 +0000] "GET / HTTP/1.0" 302 28 "-" "Mozilla/5.0 (Windows NT 6.1; WOW64; rv:45.0) Gecko/20100101 Firefox/45.0"
welcome: Unable to identify user...redirecting to login
::ffff:216.218.206.66 - - [12/Apr/2019:00:08:18 +0000] "GET / HTTP/1.1" 302 28 "-" "-"
welcome: Unable to identify user...redirecting to login
::ffff:118.98.120.210 - - [12/Apr/2019:00:30:33 +0000] "GET / HTTP/1.1" 302 28 "-" "Mozilla/5.0 (Windows NT 10.0; WOW64) AppleWebKit/537.36 (KHTML, like Gecko) Chrome/51.0.2704.103 Safari/537.36"
welcome: Unable to identify user...redirecting to login
::ffff:46.174.191.31 - - [12/Apr/2019:00:52:32 +0000] "GET / HTTP/1.0" 302 28 "-" "Mozilla/5.0 (Windows; U; Windows NT 6.0; en-US) AppleWebKit/525.19 (KHTML, like Gecko) Chrome/1.0.154.46 Safari/525.19"
welcome: Unable to identify user...redirecting to login
::ffff:209.17.96.106 - - [12/Apr/2019:01:45:31 +0000] "GET / HTTP/1.0" 302 28 "-" "Mozilla/5.0 (compatible; Nimbostratus-Bot/v1.3.2; http://cloudsystemnetworks.com)"
welcome: Unable to identify user...redirecting to login
::ffff:78.108.177.52 - - [12/Apr/2019:02:36:44 +0000] "GET / HTTP/1.0" 302 28 "-" "Mozilla/5.0 (Windows NT 6.1; WOW64; rv:45.0) Gecko/20100101 Firefox/45.0"
welcome: Unable to identify user...redirecting to login
::ffff:103.47.169.198 - - [12/Apr/2019:03:03:20 +0000] "GET / HTTP/1.1" 302 28 "-" "Mozilla/5.0 (Windows NT 10.0; WOW64) AppleWebKit/537.36 (KHTML, like Gecko) Chrome/51.0.2704.103 Safari/537.36"
welcome: Unable to identify user...redirecting to login
::ffff:198.108.66.128 - - [12/Apr/2019:03:41:09 +0000] "GET / HTTP/1.1" 302 28 "-" "Mozilla/5.0 zgrab/0.x"
::ffff:198.108.66.128 - - [12/Apr/2019:03:41:09 +0000] "GET /login HTTP/1.1" 200 7268 "http://18.216.84.59:8080/" "Mozilla/5.0 zgrab/0.x"
welcome: Unable to identify user...redirecting to login
::ffff:78.108.177.51 - - [12/Apr/2019:04:56:18 +0000] "GET / HTTP/1.0" 302 28 "-" "Mozilla/5.0 (Windows NT 6.1; WOW64; rv:45.0) Gecko/20100101 Firefox/45.0"
welcome: Unable to identify user...redirecting to login
::ffff:46.174.191.29 - - [12/Apr/2019:05:51:40 +0000] "GET / HTTP/1.0" 302 28 "-" "Mozilla/5.0 (Windows; U; Windows NT 6.0; en-US) AppleWebKit/525.19 (KHTML, like Gecko) Chrome/1.0.154.46 Safari/525.19"
welcome: Unable to identify user...redirecting to login
::ffff:187.75.31.148 - - [12/Apr/2019:07:45:14 +0000] "GET / HTTP/1.1" 302 28 "-" "Mozilla/5.0 (Windows NT 6.1; WOW64) AppleWebKit/537.36 (KHTML, like Gecko) Chrome/52.0.2743.116 Safari/537.36"
welcome: Unable to identify user...redirecting to login
::ffff:46.174.191.29 - - [12/Apr/2019:08:25:11 +0000] "GET / HTTP/1.0" 302 28 "-" "Mozilla/5.0 (Windows; U; Windows NT 6.0; en-US) AppleWebKit/525.19 (KHTML, like Gecko) Chrome/1.0.154.46 Safari/525.19"
welcome: Unable to identify user...redirecting to login
::ffff:189.18.118.15 - - [12/Apr/2019:10:13:05 +0000] "GET / HTTP/1.1" 302 28 "-" "Mozilla/5.0 (Windows NT 6.1; WOW64) AppleWebKit/537.36 (KHTML, like Gecko) Chrome/51.0.2704.103 Safari/537.36"
welcome: Unable to identify user...redirecting to login
::ffff:18.216.192.139 - - [12/Apr/2019:10:33:03 +0000] "GET / HTTP/1.1" 302 28 "-" "Go-http-client/1.1"
::ffff:18.216.192.139 - - [12/Apr/2019:10:33:03 +0000] "GET /login HTTP/1.1" 200 7268 "http://18.216.84.59:8080" "Go-http-client/1.1"
welcome: Unable to identify user...redirecting to login
::ffff:18.216.53.230 - - [12/Apr/2019:10:41:42 +0000] "GET / HTTP/1.1" 302 28 "-" "Go-http-client/1.1"
::ffff:18.216.53.230 - - [12/Apr/2019:10:41:42 +0000] "GET /login HTTP/1.1" 200 7268 "http://18.216.84.59:8080" "Go-http-client/1.1"
welcome: Unable to identify user...redirecting to login
::ffff:18.216.151.225 - - [12/Apr/2019:10:46:33 +0000] "GET / HTTP/1.1" 302 28 "-" "Go-http-client/1.1"
::ffff:18.216.151.225 - - [12/Apr/2019:10:46:33 +0000] "GET /login HTTP/1.1" 200 7268 "http://18.216.84.59:8080" "Go-http-client/1.1"
welcome: Unable to identify user...redirecting to login
::ffff:78.108.177.51 - - [12/Apr/2019:10:48:16 +0000] "GET / HTTP/1.0" 302 28 "-" "Mozilla/5.0 (Windows NT 6.1; WOW64; rv:45.0) Gecko/20100101 Firefox/45.0"
welcome: Unable to identify user...redirecting to login
::ffff:18.216.21.40 - - [12/Apr/2019:10:48:33 +0000] "GET / HTTP/1.1" 302 28 "-" "Go-http-client/1.1"
::ffff:18.216.21.40 - - [12/Apr/2019:10:48:33 +0000] "GET /login HTTP/1.1" 200 7268 "http://18.216.84.59:8080" "Go-http-client/1.1"
welcome: Unable to identify user...redirecting to login
::ffff:190.6.248.59 - - [12/Apr/2019:11:01:03 +0000] "GET / HTTP/1.1" 302 28 "-" "Mozilla/5.0 (Windows NT 6.1; WOW64) AppleWebKit/537.36 (KHTML, like Gecko) Chrome/52.0.2743.116 Safari/537.36"
redirecting to login
::ffff:5.188.210.101 - - [12/Apr/2019:11:22:32 +0000] "GET http://5.188.210.101/echo.php HTTP/1.1" 302 28 "https://www.google.com/" "Mozilla/5.0 (Windows NT 6.1) AppleWebKit/537.36 (KHTML, like Gecko) Chrome/70.0.3538.77 Safari/537.36"
welcome: Unable to identify user...redirecting to login
::ffff:177.188.101.50 - - [12/Apr/2019:11:51:20 +0000] "GET / HTTP/1.1" 302 28 "-" "Mozilla/5.0 (Macintosh; Intel Mac OS X 10_11_6) AppleWebKit/601.7.7 (KHTML, like Gecko) Version/9.1.2 Safari/601.7.7"
welcome: Unable to identify user...redirecting to login
::ffff:78.108.177.52 - - [12/Apr/2019:13:40:57 +0000] "GET / HTTP/1.0" 302 28 "-" "Mozilla/5.0 (Windows NT 6.1; WOW64; rv:45.0) Gecko/20100101 Firefox/45.0"
welcome: Unable to identify user...redirecting to login
::ffff:189.18.217.191 - - [12/Apr/2019:14:44:02 +0000] "GET / HTTP/1.1" 302 28 "-" "Mozilla/5.0 (Macintosh; Intel Mac OS X 10_11_6) AppleWebKit/601.7.7 (KHTML, like Gecko) Version/9.1.2 Safari/601.7.7"
welcome: Unable to identify user...redirecting to login
::ffff:46.174.191.30 - - [12/Apr/2019:14:45:59 +0000] "GET / HTTP/1.0" 302 28 "-" "Mozilla/5.0 (Windows; U; Windows NT 6.0; en-US) AppleWebKit/525.19 (KHTML, like Gecko) Chrome/1.0.154.46 Safari/525.19"
welcome: Unable to identify user...redirecting to login
::ffff:5.237.194.16 - - [12/Apr/2019:14:56:45 +0000] "GET / HTTP/1.1" 302 28 "-" "Mozilla/5.0 (Windows NT 10.0; WOW64) AppleWebKit/537.36 (KHTML, like Gecko) Chrome/51.0.2704.103 Safari/537.36"
welcome: Unable to identify user...redirecting to login
::ffff:62.76.81.130 - - [12/Apr/2019:15:21:37 +0000] "GET / HTTP/1.1" 302 28 "-" "Mozilla/5.0 (Windows NT 6.1; WOW64) AppleWebKit/537.36 (KHTML, like Gecko) Chrome/52.0.2743.116 Safari/537.36"
welcome: Unable to identify user...redirecting to login
::ffff:187.56.8.129 - - [12/Apr/2019:15:32:56 +0000] "GET / HTTP/1.1" 302 28 "-" "Mozilla/5.0 (Macintosh; Intel Mac OS X 10_11_6) AppleWebKit/601.7.7 (KHTML, like Gecko) Version/9.1.2 Safari/601.7.7"
welcome: Unable to identify user...redirecting to login
::ffff:46.174.191.31 - - [12/Apr/2019:16:53:20 +0000] "GET / HTTP/1.0" 302 28 "-" "Mozilla/5.0 (Windows; U; Windows NT 6.0; en-US) AppleWebKit/525.19 (KHTML, like Gecko) Chrome/1.0.154.46 Safari/525.19"
request aborted
BadRequestError: request aborted
    at IncomingMessage.onAborted (/home/ec2-user/security_lab/node_modules/raw-body/index.js:231:10)
    at IncomingMessage.emit (events.js:193:13)
    at abortIncoming (_http_server.js:447:9)
    at socketOnClose (_http_server.js:440:3)
    at Socket.emit (events.js:198:15)
    at TCP._handle.close (net.js:614:12)
request aborted
BadRequestError: request aborted
    at IncomingMessage.onAborted (/home/ec2-user/security_lab/node_modules/raw-body/index.js:231:10)
    at IncomingMessage.emit (events.js:193:13)
    at abortIncoming (_http_server.js:447:9)
    at socketOnClose (_http_server.js:440:3)
    at Socket.emit (events.js:198:15)
    at TCP._handle.close (net.js:614:12)
welcome: Unable to identify user...redirecting to login
::ffff:78.108.177.50 - - [12/Apr/2019:18:03:55 +0000] "GET / HTTP/1.0" 302 28 "-" "Mozilla/5.0 (Windows NT 6.1; WOW64; rv:45.0) Gecko/20100101 Firefox/45.0"
welcome: Unable to identify user...redirecting to login
::ffff:209.17.96.98 - - [12/Apr/2019:18:27:56 +0000] "GET / HTTP/1.0" 302 28 "-" "Mozilla/5.0 (compatible; Nimbostratus-Bot/v1.3.2; http://cloudsystemnetworks.com)"
request aborted
BadRequestError: request aborted
    at IncomingMessage.onAborted (/home/ec2-user/security_lab/node_modules/raw-body/index.js:231:10)
    at IncomingMessage.emit (events.js:193:13)
    at abortIncoming (_http_server.js:447:9)
    at socketOnClose (_http_server.js:440:3)
    at Socket.emit (events.js:198:15)
    at TCP._handle.close (net.js:614:12)
welcome: Unable to identify user...redirecting to login
::ffff:196.52.43.119 - - [12/Apr/2019:20:41:49 +0000] "GET / HTTP/1.0" 302 28 "-" "Mozilla/5.0 (X11; Linux x86_64) AppleWebKit/537.36 (KHTML, like Gecko) Chrome/72.0.3602.2 Safari/537.36"
welcome: Unable to identify user...redirecting to login
::ffff:46.174.191.28 - - [12/Apr/2019:21:34:43 +0000] "GET / HTTP/1.0" 302 28 "-" "Mozilla/5.0 (Windows; U; Windows NT 6.0; en-US) AppleWebKit/525.19 (KHTML, like Gecko) Chrome/1.0.154.46 Safari/525.19"
welcome: Unable to identify user...redirecting to login
::ffff:112.175.232.250 - - [13/Apr/2019:00:10:16 +0000] "GET / HTTP/1.1" 302 28 "-" "Mozilla/5.0 zgrab/0.x"
::ffff:112.175.232.250 - - [13/Apr/2019:00:10:17 +0000] "GET /login HTTP/1.1" 200 7268 "http://18.216.84.59:8080/" "Mozilla/5.0 zgrab/0.x"
welcome: Unable to identify user...redirecting to login
::ffff:78.108.177.52 - - [13/Apr/2019:00:12:43 +0000] "GET / HTTP/1.0" 302 28 "-" "Mozilla/5.0 (Windows NT 6.1; WOW64; rv:45.0) Gecko/20100101 Firefox/45.0"
welcome: Unable to identify user...redirecting to login
::ffff:74.82.47.5 - - [13/Apr/2019:00:36:54 +0000] "GET / HTTP/1.1" 302 28 "-" "-"
redirecting to login
::ffff:27.50.162.222 - - [13/Apr/2019:00:59:10 +0000] "GET /manager/html HTTP/1.1" 302 56 "-" "Mozilla/5.0 (compatible; MSIE 10.0; Windows NT 6.2; WOW64; Trident/6.0)"
welcome: Unable to identify user...redirecting to login
::ffff:167.250.8.6 - - [13/Apr/2019:01:41:40 +0000] "GET / HTTP/1.1" 302 28 "-" "Mozilla/5.0 (Windows NT 6.1; WOW64) AppleWebKit/537.36 (KHTML, like Gecko) Chrome/52.0.2743.116 Safari/537.36"
welcome: Unable to identify user...redirecting to login
::ffff:46.174.191.29 - - [13/Apr/2019:02:00:32 +0000] "GET / HTTP/1.0" 302 28 "-" "Mozilla/5.0 (Windows; U; Windows NT 6.0; en-US) AppleWebKit/525.19 (KHTML, like Gecko) Chrome/1.0.154.46 Safari/525.19"
welcome: Unable to identify user...redirecting to login
::ffff:201.93.104.225 - - [13/Apr/2019:02:09:12 +0000] "GET / HTTP/1.1" 302 28 "-" "Mozilla/5.0 (Macintosh; Intel Mac OS X 10_11_6) AppleWebKit/601.7.7 (KHTML, like Gecko) Version/9.1.2 Safari/601.7.7"
welcome: Unable to identify user...redirecting to login
::ffff:103.91.92.18 - - [13/Apr/2019:02:29:28 +0000] "GET / HTTP/1.1" 302 28 "-" "Mozilla/5.0 (Macintosh; Intel Mac OS X 10_11_6) AppleWebKit/601.7.7 (KHTML, like Gecko) Version/9.1.2 Safari/601.7.7"
welcome: Unable to identify user...redirecting to login
::ffff:61.219.11.153 - - [13/Apr/2019:03:43:30 +0000] "GET / HTTP/1.1" 302 28 "-" "-"
welcome: Unable to identify user...redirecting to login
::ffff:78.108.177.52 - - [13/Apr/2019:04:06:21 +0000] "GET / HTTP/1.0" 302 28 "-" "Mozilla/5.0 (Windows NT 6.1; WOW64; rv:45.0) Gecko/20100101 Firefox/45.0"
welcome: Unable to identify user...redirecting to login
::ffff:187.56.46.224 - - [13/Apr/2019:04:12:08 +0000] "GET / HTTP/1.1" 302 28 "-" "Mozilla/5.0 (Windows NT 6.1; WOW64) AppleWebKit/537.36 (KHTML, like Gecko) Chrome/52.0.2743.116 Safari/537.36"
welcome: Unable to identify user...redirecting to login
::ffff:149.28.141.117 - - [13/Apr/2019:04:25:47 +0000] "GET / HTTP/1.1" 302 28 "-" "Mozilla/5.0 zgrab/0.x"
::ffff:149.28.141.117 - - [13/Apr/2019:04:25:47 +0000] "GET /login HTTP/1.1" 200 7268 "http://18.216.84.59:8080/" "Mozilla/5.0 zgrab/0.x"
welcome: Unable to identify user...redirecting to login
::ffff:193.253.180.84 - - [13/Apr/2019:04:28:13 +0000] "GET / HTTP/1.1" 302 28 "-" "Mozilla/5.0 (Windows NT 10.0; WOW64) AppleWebKit/537.36 (KHTML, like Gecko) Chrome/51.0.2704.103 Safari/537.36"
redirecting to login
::ffff:193.253.180.84 - admin [13/Apr/2019:04:28:13 +0000] "GET /admin-scripts.asp HTTP/1.1" 302 28 "-" "Mozilla/5.0 (Windows NT 10.0; WOW64) AppleWebKit/537.36 (KHTML, like Gecko) Chrome/51.0.2704.103 Safari/537.36"
redirecting to login
::ffff:193.240.245.226 - admin [13/Apr/2019:05:11:26 +0000] "GET /manager/html HTTP/1.1" 302 28 "-" "-"
::ffff:193.240.245.226 - admin [13/Apr/2019:05:11:26 +0000] "GET /login HTTP/1.1" 200 7268 "-" "-"
welcome: Unable to identify user...redirecting to login
::ffff:18.216.252.154 - - [13/Apr/2019:05:28:59 +0000] "GET / HTTP/1.1" 302 28 "-" "Go-http-client/1.1"
::ffff:18.216.252.154 - - [13/Apr/2019:05:28:59 +0000] "GET /login HTTP/1.1" 200 7268 "http://18.216.84.59:8080" "Go-http-client/1.1"
request aborted
BadRequestError: request aborted
    at IncomingMessage.onAborted (/home/ec2-user/security_lab/node_modules/raw-body/index.js:231:10)
    at IncomingMessage.emit (events.js:193:13)
    at abortIncoming (_http_server.js:447:9)
    at socketOnClose (_http_server.js:440:3)
    at Socket.emit (events.js:198:15)
    at TCP._handle.close (net.js:614:12)
welcome: Unable to identify user...redirecting to login
::ffff:18.216.54.50 - - [13/Apr/2019:06:14:50 +0000] "GET / HTTP/1.1" 302 28 "-" "Go-http-client/1.1"
::ffff:18.216.54.50 - - [13/Apr/2019:06:14:50 +0000] "GET /login HTTP/1.1" 200 7268 "http://18.216.84.59:8080" "Go-http-client/1.1"
welcome: Unable to identify user...redirecting to login
::ffff:18.216.154.130 - - [13/Apr/2019:06:14:52 +0000] "GET / HTTP/1.1" 302 28 "-" "Go-http-client/1.1"
::ffff:18.216.154.130 - - [13/Apr/2019:06:14:52 +0000] "GET /login HTTP/1.1" 200 7268 "http://18.216.84.59:8080" "Go-http-client/1.1"
welcome: Unable to identify user...redirecting to login
::ffff:18.216.151.225 - - [13/Apr/2019:06:14:54 +0000] "GET / HTTP/1.1" 302 28 "-" "Go-http-client/1.1"
::ffff:18.216.151.225 - - [13/Apr/2019:06:14:54 +0000] "GET /login HTTP/1.1" 200 7268 "http://18.216.84.59:8080" "Go-http-client/1.1"
welcome: Unable to identify user...redirecting to login
::ffff:18.216.95.132 - - [13/Apr/2019:06:15:09 +0000] "GET / HTTP/1.1" 302 28 "-" "Go-http-client/1.1"
::ffff:18.216.95.132 - - [13/Apr/2019:06:15:09 +0000] "GET /login HTTP/1.1" 200 7268 "http://18.216.84.59:8080" "Go-http-client/1.1"
welcome: Unable to identify user...redirecting to login
::ffff:18.216.252.154 - - [13/Apr/2019:06:44:58 +0000] "GET / HTTP/1.1" 302 28 "-" "Go-http-client/1.1"
::ffff:18.216.252.154 - - [13/Apr/2019:06:44:58 +0000] "GET /login HTTP/1.1" 200 7268 "http://18.216.84.59:8080" "Go-http-client/1.1"
welcome: Unable to identify user...redirecting to login
::ffff:18.216.192.139 - - [13/Apr/2019:06:45:26 +0000] "GET / HTTP/1.1" 302 28 "-" "Go-http-client/1.1"
::ffff:18.216.192.139 - - [13/Apr/2019:06:45:26 +0000] "GET /login HTTP/1.1" 200 7268 "http://18.216.84.59:8080" "Go-http-client/1.1"
welcome: Unable to identify user...redirecting to login
::ffff:178.156.82.77 - - [13/Apr/2019:06:46:38 +0000] "GET / HTTP/1.1" 302 28 "-" "Mozilla/5.0 (Windows NT 6.1; WOW64) AppleWebKit/537.36 (KHTML, like Gecko) Chrome/52.0.2743.116 Safari/537.36"
welcome: Unable to identify user...redirecting to login
::ffff:18.216.54.50 - - [13/Apr/2019:06:59:05 +0000] "GET / HTTP/1.1" 302 28 "-" "Go-http-client/1.1"
::ffff:18.216.54.50 - - [13/Apr/2019:06:59:05 +0000] "GET /login HTTP/1.1" 200 7268 "http://18.216.84.59:8080" "Go-http-client/1.1"
welcome: Unable to identify user...redirecting to login
::ffff:18.216.154.130 - - [13/Apr/2019:06:59:19 +0000] "GET / HTTP/1.1" 302 28 "-" "Go-http-client/1.1"
::ffff:18.216.154.130 - - [13/Apr/2019:06:59:19 +0000] "GET /login HTTP/1.1" 200 7268 "http://18.216.84.59:8080" "Go-http-client/1.1"
welcome: Unable to identify user...redirecting to login
::ffff:18.216.151.225 - - [13/Apr/2019:06:59:43 +0000] "GET / HTTP/1.1" 302 28 "-" "Go-http-client/1.1"
::ffff:18.216.151.225 - - [13/Apr/2019:06:59:43 +0000] "GET /login HTTP/1.1" 200 7268 "http://18.216.84.59:8080" "Go-http-client/1.1"
welcome: Unable to identify user...redirecting to login
::ffff:18.216.95.132 - - [13/Apr/2019:07:00:21 +0000] "GET / HTTP/1.1" 302 28 "-" "Go-http-client/1.1"
::ffff:18.216.95.132 - - [13/Apr/2019:07:00:21 +0000] "GET /login HTTP/1.1" 200 7268 "http://18.216.84.59:8080" "Go-http-client/1.1"
welcome: Unable to identify user...redirecting to login
::ffff:78.108.177.51 - - [13/Apr/2019:07:09:08 +0000] "GET / HTTP/1.0" 302 28 "-" "Mozilla/5.0 (Windows NT 6.1; WOW64; rv:45.0) Gecko/20100101 Firefox/45.0"
welcome: Unable to identify user...redirecting to login
::ffff:185.108.164.134 - - [13/Apr/2019:07:19:36 +0000] "GET / HTTP/1.1" 302 28 "-" "Mozilla/5.0 (Macintosh; Intel Mac OS X 10_11_6) AppleWebKit/601.7.7 (KHTML, like Gecko) Version/9.1.2 Safari/601.7.7"
welcome: Unable to identify user...redirecting to login
::ffff:18.216.252.154 - - [13/Apr/2019:07:29:21 +0000] "GET / HTTP/1.1" 302 28 "-" "Go-http-client/1.1"
::ffff:18.216.252.154 - - [13/Apr/2019:07:29:21 +0000] "GET /login HTTP/1.1" 200 7268 "http://18.216.84.59:8080" "Go-http-client/1.1"
welcome: Unable to identify user...redirecting to login
::ffff:139.162.79.87 - - [13/Apr/2019:07:30:54 +0000] "GET / HTTP/1.1" 302 28 "-" "Mozilla/5.0"
welcome: Unable to identify user...redirecting to login
::ffff:179.110.213.8 - - [13/Apr/2019:07:31:37 +0000] "GET / HTTP/1.1" 302 28 "-" "Mozilla/5.0 (Macintosh; Intel Mac OS X 10_11_6) AppleWebKit/601.7.7 (KHTML, like Gecko) Version/9.1.2 Safari/601.7.7"
welcome: Unable to identify user...redirecting to login
::ffff:46.174.191.30 - - [13/Apr/2019:07:32:14 +0000] "GET / HTTP/1.0" 302 28 "-" "Mozilla/5.0 (Windows; U; Windows NT 6.0; en-US) AppleWebKit/525.19 (KHTML, like Gecko) Chrome/1.0.154.46 Safari/525.19"
welcome: Unable to identify user...redirecting to login
::ffff:18.216.54.50 - - [13/Apr/2019:07:43:19 +0000] "GET / HTTP/1.1" 302 28 "-" "Go-http-client/1.1"
::ffff:18.216.54.50 - - [13/Apr/2019:07:43:19 +0000] "GET /login HTTP/1.1" 200 7268 "http://18.216.84.59:8080" "Go-http-client/1.1"
welcome: Unable to identify user...redirecting to login
::ffff:18.216.154.130 - - [13/Apr/2019:07:43:42 +0000] "GET / HTTP/1.1" 302 28 "-" "Go-http-client/1.1"
::ffff:18.216.154.130 - - [13/Apr/2019:07:43:42 +0000] "GET /login HTTP/1.1" 200 7268 "http://18.216.84.59:8080" "Go-http-client/1.1"
welcome: Unable to identify user...redirecting to login
::ffff:18.216.151.225 - - [13/Apr/2019:07:44:29 +0000] "GET / HTTP/1.1" 302 28 "-" "Go-http-client/1.1"
::ffff:18.216.151.225 - - [13/Apr/2019:07:44:29 +0000] "GET /login HTTP/1.1" 200 7268 "http://18.216.84.59:8080" "Go-http-client/1.1"
welcome: Unable to identify user...redirecting to login
::ffff:18.216.95.132 - - [13/Apr/2019:07:45:43 +0000] "GET / HTTP/1.1" 302 28 "-" "Go-http-client/1.1"
::ffff:18.216.95.132 - - [13/Apr/2019:07:45:43 +0000] "GET /login HTTP/1.1" 200 7268 "http://18.216.84.59:8080" "Go-http-client/1.1"
redirecting to login
::ffff:27.50.162.222 - - [13/Apr/2019:08:01:59 +0000] "GET /manager/html HTTP/1.1" 302 56 "-" "Mozilla/5.0 (compatible; MSIE 10.0; Windows NT 6.2; WOW64; Trident/6.0)"
welcome: Unable to identify user...redirecting to login
::ffff:83.4.121.39 - - [13/Apr/2019:08:03:02 +0000] "GET / HTTP/1.1" 302 28 "-" "Mozilla/5.0 (Windows NT 10.0; WOW64) AppleWebKit/537.36 (KHTML, like Gecko) Chrome/52.0.2743.116 Safari/537.36"
welcome: Unable to identify user...redirecting to login
::ffff:18.216.252.154 - - [13/Apr/2019:08:13:45 +0000] "GET / HTTP/1.1" 302 28 "-" "Go-http-client/1.1"
::ffff:18.216.252.154 - - [13/Apr/2019:08:13:45 +0000] "GET /login HTTP/1.1" 200 7268 "http://18.216.84.59:8080" "Go-http-client/1.1"
welcome: Unable to identify user...redirecting to login
::ffff:18.216.54.50 - - [13/Apr/2019:08:27:34 +0000] "GET / HTTP/1.1" 302 28 "-" "Go-http-client/1.1"
::ffff:18.216.54.50 - - [13/Apr/2019:08:27:34 +0000] "GET /login HTTP/1.1" 200 7268 "http://18.216.84.59:8080" "Go-http-client/1.1"
welcome: Unable to identify user...redirecting to login
::ffff:18.216.154.130 - - [13/Apr/2019:08:28:04 +0000] "GET / HTTP/1.1" 302 28 "-" "Go-http-client/1.1"
::ffff:18.216.154.130 - - [13/Apr/2019:08:28:04 +0000] "GET /login HTTP/1.1" 200 7268 "http://18.216.84.59:8080" "Go-http-client/1.1"
welcome: Unable to identify user...redirecting to login
::ffff:18.216.151.225 - - [13/Apr/2019:08:29:13 +0000] "GET / HTTP/1.1" 302 28 "-" "Go-http-client/1.1"
::ffff:18.216.151.225 - - [13/Apr/2019:08:29:13 +0000] "GET /login HTTP/1.1" 200 7268 "http://18.216.84.59:8080" "Go-http-client/1.1"
welcome: Unable to identify user...redirecting to login
::ffff:18.216.95.132 - - [13/Apr/2019:08:30:47 +0000] "GET / HTTP/1.1" 302 28 "-" "Go-http-client/1.1"
