::ffff:18.216.95.132 - - [13/Apr/2019:08:30:47 +0000] "GET /login HTTP/1.1" 200 7268 "http://18.216.84.59:8080" "Go-http-client/1.1"
welcome: Unable to identify user...redirecting to login
::ffff:5.237.106.3 - - [13/Apr/2019:08:44:00 +0000] "GET / HTTP/1.1" 302 28 "-" "Mozilla/5.0 (Windows NT 10.0; WOW64) AppleWebKit/537.36 (KHTML, like Gecko) Chrome/51.0.2704.103 Safari/537.36"
welcome: Unable to identify user...redirecting to login
::ffff:38.92.154.250 - - [13/Apr/2019:08:44:03 +0000] "GET / HTTP/1.1" 302 28 "-" "Mozilla/5.0 (Macintosh; Intel Mac OS X 10_11_6) AppleWebKit/601.7.7 (KHTML, like Gecko) Version/9.1.2 Safari/601.7.7"
welcome: Unable to identify user...redirecting to login
::ffff:78.189.106.254 - - [13/Apr/2019:08:51:10 +0000] "GET / HTTP/1.1" 302 28 "-" "Mozilla/5.0 (Windows NT 6.1; WOW64) AppleWebKit/537.36 (KHTML, like Gecko) Chrome/51.0.2704.103 Safari/537.36"
welcome: Unable to identify user...redirecting to login
::ffff:18.216.252.154 - - [13/Apr/2019:08:58:07 +0000] "GET / HTTP/1.1" 302 28 "-" "Go-http-client/1.1"
::ffff:18.216.252.154 - - [13/Apr/2019:08:58:07 +0000] "GET /login HTTP/1.1" 200 7268 "http://18.216.84.59:8080" "Go-http-client/1.1"
welcome: Unable to identify user...redirecting to login
::ffff:18.216.54.50 - - [13/Apr/2019:09:11:50 +0000] "GET / HTTP/1.1" 302 28 "-" "Go-http-client/1.1"
::ffff:18.216.54.50 - - [13/Apr/2019:09:11:50 +0000] "GET /login HTTP/1.1" 200 7268 "http://18.216.84.59:8080" "Go-http-client/1.1"
welcome: Unable to identify user...redirecting to login
::ffff:18.216.154.130 - - [13/Apr/2019:09:12:27 +0000] "GET / HTTP/1.1" 302 28 "-" "Go-http-client/1.1"
::ffff:18.216.154.130 - - [13/Apr/2019:09:12:27 +0000] "GET /login HTTP/1.1" 200 7268 "http://18.216.84.59:8080" "Go-http-client/1.1"
welcome: Unable to identify user...redirecting to login
::ffff:18.216.151.225 - - [13/Apr/2019:09:13:57 +0000] "GET / HTTP/1.1" 302 28 "-" "Go-http-client/1.1"
::ffff:18.216.151.225 - - [13/Apr/2019:09:13:57 +0000] "GET /login HTTP/1.1" 200 7268 "http://18.216.84.59:8080" "Go-http-client/1.1"
welcome: Unable to identify user...redirecting to login
::ffff:18.216.95.132 - - [13/Apr/2019:09:15:48 +0000] "GET / HTTP/1.1" 302 28 "-" "Go-http-client/1.1"
::ffff:18.216.95.132 - - [13/Apr/2019:09:15:48 +0000] "GET /login HTTP/1.1" 200 7268 "http://18.216.84.59:8080" "Go-http-client/1.1"
welcome: Unable to identify user...redirecting to login
::ffff:78.108.177.54 - - [13/Apr/2019:09:24:52 +0000] "GET / HTTP/1.0" 302 28 "-" "Mozilla/5.0 (Windows NT 6.1; WOW64; rv:45.0) Gecko/20100101 Firefox/45.0"
welcome: Unable to identify user...redirecting to login
::ffff:18.216.252.154 - - [13/Apr/2019:09:42:30 +0000] "GET / HTTP/1.1" 302 28 "-" "Go-http-client/1.1"
::ffff:18.216.252.154 - - [13/Apr/2019:09:42:30 +0000] "GET /login HTTP/1.1" 200 7268 "http://18.216.84.59:8080" "Go-http-client/1.1"
welcome: Unable to identify user...redirecting to login
::ffff:18.216.54.50 - - [13/Apr/2019:09:56:04 +0000] "GET / HTTP/1.1" 302 28 "-" "Go-http-client/1.1"
::ffff:18.216.54.50 - - [13/Apr/2019:09:56:04 +0000] "GET /login HTTP/1.1" 200 7268 "http://18.216.84.59:8080" "Go-http-client/1.1"
welcome: Unable to identify user...redirecting to login
::ffff:18.216.154.130 - - [13/Apr/2019:09:56:49 +0000] "GET / HTTP/1.1" 302 28 "-" "Go-http-client/1.1"
::ffff:18.216.154.130 - - [13/Apr/2019:09:56:49 +0000] "GET /login HTTP/1.1" 200 7268 "http://18.216.84.59:8080" "Go-http-client/1.1"
welcome: Unable to identify user...redirecting to login
::ffff:18.216.151.225 - - [13/Apr/2019:09:58:40 +0000] "GET / HTTP/1.1" 302 28 "-" "Go-http-client/1.1"
::ffff:18.216.151.225 - - [13/Apr/2019:09:58:40 +0000] "GET /login HTTP/1.1" 200 7268 "http://18.216.84.59:8080" "Go-http-client/1.1"
welcome: Unable to identify user...redirecting to login
::ffff:18.216.95.132 - - [13/Apr/2019:10:00:47 +0000] "GET / HTTP/1.1" 302 28 "-" "Go-http-client/1.1"
::ffff:18.216.95.132 - - [13/Apr/2019:10:00:47 +0000] "GET /login HTTP/1.1" 200 7268 "http://18.216.84.59:8080" "Go-http-client/1.1"
welcome: Unable to identify user...redirecting to login
::ffff:18.216.252.154 - - [13/Apr/2019:10:26:53 +0000] "GET / HTTP/1.1" 302 28 "-" "Go-http-client/1.1"
::ffff:18.216.252.154 - - [13/Apr/2019:10:26:53 +0000] "GET /login HTTP/1.1" 200 7268 "http://18.216.84.59:8080" "Go-http-client/1.1"
welcome: Unable to identify user...redirecting to login
::ffff:46.174.191.31 - - [13/Apr/2019:10:30:45 +0000] "GET / HTTP/1.0" 302 28 "-" "Mozilla/5.0 (Windows; U; Windows NT 6.0; en-US) AppleWebKit/525.19 (KHTML, like Gecko) Chrome/1.0.154.46 Safari/525.19"
welcome: Unable to identify user...redirecting to login
::ffff:18.216.54.50 - - [13/Apr/2019:10:40:18 +0000] "GET / HTTP/1.1" 302 28 "-" "Go-http-client/1.1"
::ffff:18.216.54.50 - - [13/Apr/2019:10:40:18 +0000] "GET /login HTTP/1.1" 200 7268 "http://18.216.84.59:8080" "Go-http-client/1.1"
welcome: Unable to identify user...redirecting to login
::ffff:18.216.154.130 - - [13/Apr/2019:10:41:12 +0000] "GET / HTTP/1.1" 302 28 "-" "Go-http-client/1.1"
::ffff:18.216.154.130 - - [13/Apr/2019:10:41:12 +0000] "GET /login HTTP/1.1" 200 7268 "http://18.216.84.59:8080" "Go-http-client/1.1"
welcome: Unable to identify user...redirecting to login
::ffff:18.216.151.225 - - [13/Apr/2019:10:43:26 +0000] "GET / HTTP/1.1" 302 28 "-" "Go-http-client/1.1"
::ffff:18.216.151.225 - - [13/Apr/2019:10:43:26 +0000] "GET /login HTTP/1.1" 200 7268 "http://18.216.84.59:8080" "Go-http-client/1.1"
welcome: Unable to identify user...redirecting to login
::ffff:18.216.95.132 - - [13/Apr/2019:10:45:34 +0000] "GET / HTTP/1.1" 302 28 "-" "Go-http-client/1.1"
::ffff:18.216.95.132 - - [13/Apr/2019:10:45:34 +0000] "GET /login HTTP/1.1" 200 7268 "http://18.216.84.59:8080" "Go-http-client/1.1"
welcome: Unable to identify user...redirecting to login
::ffff:18.216.252.154 - - [13/Apr/2019:11:11:16 +0000] "GET / HTTP/1.1" 302 28 "-" "Go-http-client/1.1"
::ffff:18.216.252.154 - - [13/Apr/2019:11:11:16 +0000] "GET /login HTTP/1.1" 200 7268 "http://18.216.84.59:8080" "Go-http-client/1.1"
welcome: Unable to identify user...redirecting to login
::ffff:18.216.54.50 - - [13/Apr/2019:11:24:32 +0000] "GET / HTTP/1.1" 302 28 "-" "Go-http-client/1.1"
::ffff:18.216.54.50 - - [13/Apr/2019:11:24:32 +0000] "GET /login HTTP/1.1" 200 7268 "http://18.216.84.59:8080" "Go-http-client/1.1"
welcome: Unable to identify user...redirecting to login
::ffff:18.216.154.130 - - [13/Apr/2019:11:25:33 +0000] "GET / HTTP/1.1" 302 28 "-" "Go-http-client/1.1"
::ffff:18.216.154.130 - - [13/Apr/2019:11:25:33 +0000] "GET /login HTTP/1.1" 200 7268 "http://18.216.84.59:8080" "Go-http-client/1.1"
welcome: Unable to identify user...redirecting to login
::ffff:18.216.151.225 - - [13/Apr/2019:11:28:10 +0000] "GET / HTTP/1.1" 302 28 "-" "Go-http-client/1.1"
::ffff:18.216.151.225 - - [13/Apr/2019:11:28:10 +0000] "GET /login HTTP/1.1" 200 7268 "http://18.216.84.59:8080" "Go-http-client/1.1"
welcome: Unable to identify user...redirecting to login
::ffff:18.216.95.132 - - [13/Apr/2019:11:30:31 +0000] "GET / HTTP/1.1" 302 28 "-" "Go-http-client/1.1"
::ffff:18.216.95.132 - - [13/Apr/2019:11:30:31 +0000] "GET /login HTTP/1.1" 200 7268 "http://18.216.84.59:8080" "Go-http-client/1.1"
welcome: Unable to identify user...redirecting to login
::ffff:18.216.252.154 - - [13/Apr/2019:11:55:37 +0000] "GET / HTTP/1.1" 302 28 "-" "Go-http-client/1.1"
::ffff:18.216.252.154 - - [13/Apr/2019:11:55:37 +0000] "GET /login HTTP/1.1" 200 7268 "http://18.216.84.59:8080" "Go-http-client/1.1"
welcome: Unable to identify user...redirecting to login
::ffff:46.174.191.28 - - [13/Apr/2019:12:00:07 +0000] "GET / HTTP/1.0" 302 28 "-" "Mozilla/5.0 (Windows; U; Windows NT 6.0; en-US) AppleWebKit/525.19 (KHTML, like Gecko) Chrome/1.0.154.46 Safari/525.19"
welcome: Unable to identify user...redirecting to login
::ffff:18.216.54.50 - - [13/Apr/2019:12:08:48 +0000] "GET / HTTP/1.1" 302 28 "-" "Go-http-client/1.1"
::ffff:18.216.54.50 - - [13/Apr/2019:12:08:48 +0000] "GET /login HTTP/1.1" 200 7268 "http://18.216.84.59:8080" "Go-http-client/1.1"
welcome: Unable to identify user...redirecting to login
::ffff:18.216.154.130 - - [13/Apr/2019:12:09:55 +0000] "GET / HTTP/1.1" 302 28 "-" "Go-http-client/1.1"
::ffff:18.216.154.130 - - [13/Apr/2019:12:09:55 +0000] "GET /login HTTP/1.1" 200 7268 "http://18.216.84.59:8080" "Go-http-client/1.1"
welcome: Unable to identify user...redirecting to login
::ffff:18.216.151.225 - - [13/Apr/2019:12:12:57 +0000] "GET / HTTP/1.1" 302 28 "-" "Go-http-client/1.1"
::ffff:18.216.151.225 - - [13/Apr/2019:12:12:57 +0000] "GET /login HTTP/1.1" 200 7268 "http://18.216.84.59:8080" "Go-http-client/1.1"
welcome: Unable to identify user...redirecting to login
::ffff:18.216.95.132 - - [13/Apr/2019:12:15:30 +0000] "GET / HTTP/1.1" 302 28 "-" "Go-http-client/1.1"
::ffff:18.216.95.132 - - [13/Apr/2019:12:15:30 +0000] "GET /login HTTP/1.1" 200 7268 "http://18.216.84.59:8080" "Go-http-client/1.1"
welcome: Unable to identify user...redirecting to login
::ffff:159.192.232.215 - - [13/Apr/2019:12:18:22 +0000] "GET / HTTP/1.1" 302 28 "-" "Mozilla/5.0 (Macintosh; Intel Mac OS X 10_11_6) AppleWebKit/601.7.7 (KHTML, like Gecko) Version/9.1.2 Safari/601.7.7"
welcome: Unable to identify user...redirecting to login
::ffff:18.216.252.154 - - [13/Apr/2019:12:39:58 +0000] "GET / HTTP/1.1" 302 28 "-" "Go-http-client/1.1"
::ffff:18.216.252.154 - - [13/Apr/2019:12:39:58 +0000] "GET /login HTTP/1.1" 200 7268 "http://18.216.84.59:8080" "Go-http-client/1.1"
welcome: Unable to identify user...redirecting to login
::ffff:18.216.54.50 - - [13/Apr/2019:12:53:03 +0000] "GET / HTTP/1.1" 302 28 "-" "Go-http-client/1.1"
::ffff:18.216.54.50 - - [13/Apr/2019:12:53:03 +0000] "GET /login HTTP/1.1" 200 7268 "http://18.216.84.59:8080" "Go-http-client/1.1"
welcome: Unable to identify user...redirecting to login
::ffff:18.216.154.130 - - [13/Apr/2019:12:54:18 +0000] "GET / HTTP/1.1" 302 28 "-" "Go-http-client/1.1"
::ffff:18.216.154.130 - - [13/Apr/2019:12:54:18 +0000] "GET /login HTTP/1.1" 200 7268 "http://18.216.84.59:8080" "Go-http-client/1.1"
welcome: Unable to identify user...redirecting to login
::ffff:18.216.151.225 - - [13/Apr/2019:12:57:49 +0000] "GET / HTTP/1.1" 302 28 "-" "Go-http-client/1.1"
::ffff:18.216.151.225 - - [13/Apr/2019:12:57:49 +0000] "GET /login HTTP/1.1" 200 7268 "http://18.216.84.59:8080" "Go-http-client/1.1"
welcome: Unable to identify user...redirecting to login
::ffff:18.216.95.132 - - [13/Apr/2019:13:00:19 +0000] "GET / HTTP/1.1" 302 28 "-" "Go-http-client/1.1"
::ffff:18.216.95.132 - - [13/Apr/2019:13:00:19 +0000] "GET /login HTTP/1.1" 200 7268 "http://18.216.84.59:8080" "Go-http-client/1.1"
welcome: Unable to identify user...redirecting to login
::ffff:78.108.177.51 - - [13/Apr/2019:13:23:37 +0000] "GET / HTTP/1.0" 302 28 "-" "Mozilla/5.0 (Windows NT 6.1; WOW64; rv:45.0) Gecko/20100101 Firefox/45.0"
welcome: Unable to identify user...redirecting to login
::ffff:18.216.252.154 - - [13/Apr/2019:13:24:21 +0000] "GET / HTTP/1.1" 302 28 "-" "Go-http-client/1.1"
::ffff:18.216.252.154 - - [13/Apr/2019:13:24:21 +0000] "GET /login HTTP/1.1" 200 7268 "http://18.216.84.59:8080" "Go-http-client/1.1"
welcome: Unable to identify user...redirecting to login
::ffff:18.216.54.50 - - [13/Apr/2019:13:37:17 +0000] "GET / HTTP/1.1" 302 28 "-" "Go-http-client/1.1"
::ffff:18.216.54.50 - - [13/Apr/2019:13:37:17 +0000] "GET /login HTTP/1.1" 200 7268 "http://18.216.84.59:8080" "Go-http-client/1.1"
welcome: Unable to identify user...redirecting to login
::ffff:18.216.154.130 - - [13/Apr/2019:13:38:34 +0000] "GET / HTTP/1.1" 302 28 "-" "Go-http-client/1.1"
::ffff:18.216.154.130 - - [13/Apr/2019:13:38:34 +0000] "GET /login HTTP/1.1" 200 7268 "http://18.216.84.59:8080" "Go-http-client/1.1"
welcome: Unable to identify user...redirecting to login
::ffff:18.216.151.225 - - [13/Apr/2019:13:42:17 +0000] "GET / HTTP/1.1" 302 28 "-" "Go-http-client/1.1"
::ffff:18.216.151.225 - - [13/Apr/2019:13:42:17 +0000] "GET /login HTTP/1.1" 200 7268 "http://18.216.84.59:8080" "Go-http-client/1.1"
welcome: Unable to identify user...redirecting to login
::ffff:187.14.17.225 - - [13/Apr/2019:14:27:08 +0000] "GET / HTTP/1.1" 302 28 "-" "Mozilla/5.0 (Windows NT 6.1; WOW64) AppleWebKit/537.36 (KHTML, like Gecko) Chrome/51.0.2704.103 Safari/537.36"
welcome: Unable to identify user...redirecting to login
::ffff:18.216.252.154 - - [13/Apr/2019:14:54:34 +0000] "GET / HTTP/1.1" 302 28 "-" "Go-http-client/1.1"
::ffff:18.216.252.154 - - [13/Apr/2019:14:54:34 +0000] "GET /login HTTP/1.1" 200 7268 "http://18.216.84.59:8080" "Go-http-client/1.1"
welcome: Unable to identify user...redirecting to login
::ffff:18.216.154.130 - - [13/Apr/2019:14:54:35 +0000] "GET / HTTP/1.1" 302 28 "-" "Go-http-client/1.1"
::ffff:18.216.154.130 - - [13/Apr/2019:14:54:35 +0000] "GET /login HTTP/1.1" 200 7268 "http://18.216.84.59:8080" "Go-http-client/1.1"
welcome: Unable to identify user...redirecting to login
::ffff:18.216.54.50 - - [13/Apr/2019:14:54:35 +0000] "GET / HTTP/1.1" 302 28 "-" "Go-http-client/1.1"
::ffff:18.216.54.50 - - [13/Apr/2019:14:54:35 +0000] "GET /login HTTP/1.1" 200 7268 "http://18.216.84.59:8080" "Go-http-client/1.1"
welcome: Unable to identify user...redirecting to login
::ffff:18.216.95.132 - - [13/Apr/2019:14:54:37 +0000] "GET / HTTP/1.1" 302 28 "-" "Go-http-client/1.1"
::ffff:18.216.95.132 - - [13/Apr/2019:14:54:38 +0000] "GET /login HTTP/1.1" 200 7268 "http://18.216.84.59:8080" "Go-http-client/1.1"
welcome: Unable to identify user...redirecting to login
::ffff:18.216.151.225 - - [13/Apr/2019:14:54:38 +0000] "GET / HTTP/1.1" 302 28 "-" "Go-http-client/1.1"
::ffff:18.216.151.225 - - [13/Apr/2019:14:54:38 +0000] "GET /login HTTP/1.1" 200 7268 "http://18.216.84.59:8080" "Go-http-client/1.1"
welcome: Unable to identify user...redirecting to login
::ffff:109.106.138.130 - - [13/Apr/2019:15:39:25 +0000] "GET / HTTP/1.1" 302 28 "-" "Mozilla/5.0 (Windows NT 6.1; WOW64) AppleWebKit/537.36 (KHTML, like Gecko) Chrome/51.0.2704.103 Safari/537.36"
welcome: Unable to identify user...redirecting to login
::ffff:138.97.147.38 - - [13/Apr/2019:16:23:48 +0000] "GET / HTTP/1.1" 302 28 "-" "Mozilla/5.0 (Windows NT 10.0; WOW64) AppleWebKit/537.36 (KHTML, like Gecko) Chrome/51.0.2704.103 Safari/537.36"
redirecting to login
::ffff:27.50.162.222 - - [13/Apr/2019:18:23:04 +0000] "GET /manager/html HTTP/1.1" 302 56 "-" "Mozilla/5.0 (compatible; MSIE 10.0; Windows NT 6.2; WOW64; Trident/6.0)"
welcome: Unable to identify user...redirecting to login
::ffff:46.174.191.32 - - [13/Apr/2019:18:24:35 +0000] "GET / HTTP/1.0" 302 28 "-" "Mozilla/5.0 (Windows; U; Windows NT 6.0; en-US) AppleWebKit/525.19 (KHTML, like Gecko) Chrome/1.0.154.46 Safari/525.19"
welcome: Unable to identify user...redirecting to login
::ffff:177.125.44.159 - - [13/Apr/2019:18:36:29 +0000] "GET / HTTP/1.1" 302 28 "-" "Mozilla/5.0 (Macintosh; Intel Mac OS X 10_11_6) AppleWebKit/601.7.7 (KHTML, like Gecko) Version/9.1.2 Safari/601.7.7"
request aborted
BadRequestError: request aborted
    at IncomingMessage.onAborted (/home/ec2-user/security_lab/node_modules/raw-body/index.js:231:10)
    at IncomingMessage.emit (events.js:193:13)
    at abortIncoming (_http_server.js:447:9)
    at socketOnClose (_http_server.js:440:3)
    at Socket.emit (events.js:198:15)
    at TCP._handle.close (net.js:614:12)
welcome: Unable to identify user...redirecting to login
::ffff:177.9.187.124 - - [13/Apr/2019:19:59:00 +0000] "GET / HTTP/1.1" 302 28 "-" "Mozilla/5.0 (Windows NT 10.0; WOW64) AppleWebKit/537.36 (KHTML, like Gecko) Chrome/51.0.2704.103 Safari/537.36"
welcome: Unable to identify user...redirecting to login
::ffff:78.108.177.54 - - [13/Apr/2019:20:33:00 +0000] "GET / HTTP/1.0" 302 28 "-" "Mozilla/5.0 (Windows NT 6.1; WOW64; rv:45.0) Gecko/20100101 Firefox/45.0"
welcome: Unable to identify user...redirecting to login
::ffff:84.53.192.138 - - [13/Apr/2019:21:11:25 +0000] "GET / HTTP/1.1" 302 28 "-" "Mozilla/5.0 (Windows NT 6.1; WOW64) AppleWebKit/537.36 (KHTML, like Gecko) Chrome/52.0.2743.116 Safari/537.36"
welcome: Unable to identify user...redirecting to login
::ffff:177.102.95.103 - - [13/Apr/2019:21:59:16 +0000] "GET / HTTP/1.1" 302 28 "-" "Mozilla/5.0 (Windows NT 6.1; WOW64) AppleWebKit/537.36 (KHTML, like Gecko) Chrome/52.0.2743.116 Safari/537.36"
welcome: Unable to identify user...redirecting to login
::ffff:83.12.109.74 - - [13/Apr/2019:22:11:59 +0000] "GET / HTTP/1.1" 302 28 "-" "Mozilla/5.0 (Windows NT 6.1; WOW64) AppleWebKit/537.36 (KHTML, like Gecko) Chrome/51.0.2704.103 Safari/537.36"
welcome: Unable to identify user...redirecting to login
::ffff:209.17.96.242 - - [13/Apr/2019:22:18:47 +0000] "GET / HTTP/1.0" 302 28 "-" "Mozilla/5.0 (compatible; Nimbostratus-Bot/v1.3.2; http://cloudsystemnetworks.com)"
welcome: Unable to identify user...redirecting to login
::ffff:78.108.177.51 - - [13/Apr/2019:22:33:55 +0000] "GET / HTTP/1.0" 302 28 "-" "Mozilla/5.0 (Windows NT 6.1; WOW64; rv:45.0) Gecko/20100101 Firefox/45.0"
welcome: Unable to identify user...redirecting to login
::ffff:46.174.191.32 - - [13/Apr/2019:23:04:55 +0000] "GET / HTTP/1.0" 302 28 "-" "Mozilla/5.0 (Windows; U; Windows NT 6.0; en-US) AppleWebKit/525.19 (KHTML, like Gecko) Chrome/1.0.154.46 Safari/525.19"
welcome: Unable to identify user...redirecting to login
::ffff:191.205.215.165 - - [13/Apr/2019:23:42:06 +0000] "GET / HTTP/1.1" 302 28 "-" "Mozilla/5.0 (Windows NT 10.0; WOW64) AppleWebKit/537.36 (KHTML, like Gecko) Chrome/52.0.2743.116 Safari/537.36"
welcome: Unable to identify user...redirecting to login
::ffff:46.174.191.28 - - [13/Apr/2019:23:57:10 +0000] "GET / HTTP/1.0" 302 28 "-" "Mozilla/5.0 (Windows; U; Windows NT 6.0; en-US) AppleWebKit/525.19 (KHTML, like Gecko) Chrome/1.0.154.46 Safari/525.19"
welcome: Unable to identify user...redirecting to login
::ffff:74.82.47.5 - - [14/Apr/2019:00:04:35 +0000] "GET / HTTP/1.1" 302 28 "-" "-"
welcome: Unable to identify user...redirecting to login
::ffff:35.239.238.20 - - [14/Apr/2019:03:06:50 +0000] "GET / HTTP/1.1" 302 28 "-" "Mozilla/5.0 zgrab/0.x"
::ffff:35.239.238.20 - - [14/Apr/2019:03:06:50 +0000] "GET /login HTTP/1.1" 200 7268 "http://18.216.84.59:8080/" "Mozilla/5.0 zgrab/0.x"
welcome: Unable to identify user...redirecting to login
::ffff:78.108.177.52 - - [14/Apr/2019:03:49:07 +0000] "GET / HTTP/1.0" 302 28 "-" "Mozilla/5.0 (Windows NT 6.1; WOW64; rv:45.0) Gecko/20100101 Firefox/45.0"
welcome: Unable to identify user...redirecting to login
::ffff:46.174.191.31 - - [14/Apr/2019:03:58:54 +0000] "GET / HTTP/1.0" 302 28 "-" "Mozilla/5.0 (Windows; U; Windows NT 6.0; en-US) AppleWebKit/525.19 (KHTML, like Gecko) Chrome/1.0.154.46 Safari/525.19"
redirecting to login
::ffff:187.84.215.226 - admin [14/Apr/2019:04:14:47 +0000] "GET /manager/html HTTP/1.1" 302 28 "-" "-"
::ffff:187.84.215.226 - admin [14/Apr/2019:04:14:48 +0000] "GET /login HTTP/1.1" 200 7268 "-" "-"
welcome: Unable to identify user...redirecting to login
::ffff:84.254.19.76 - - [14/Apr/2019:07:42:54 +0000] "GET / HTTP/1.1" 302 28 "-" "Mozilla/5.0 (Windows NT 6.1; WOW64) AppleWebKit/537.36 (KHTML, like Gecko) Chrome/51.0.2704.103 Safari/537.36"
request aborted
BadRequestError: request aborted
    at IncomingMessage.onAborted (/home/ec2-user/security_lab/node_modules/raw-body/index.js:231:10)
    at IncomingMessage.emit (events.js:193:13)
    at abortIncoming (_http_server.js:447:9)
    at socketOnClose (_http_server.js:440:3)
    at Socket.emit (events.js:198:15)
    at TCP._handle.close (net.js:614:12)
welcome: Unable to identify user...redirecting to login
::ffff:78.108.177.50 - - [14/Apr/2019:08:45:55 +0000] "GET / HTTP/1.0" 302 28 "-" "Mozilla/5.0 (Windows NT 6.1; WOW64; rv:45.0) Gecko/20100101 Firefox/45.0"
welcome: Unable to identify user...redirecting to login
::ffff:185.136.150.106 - - [14/Apr/2019:09:04:28 +0000] "GET / HTTP/1.1" 302 28 "-" "Mozilla/5.0 (Windows NT 6.1; WOW64) AppleWebKit/537.36 (KHTML, like Gecko) Chrome/51.0.2704.103 Safari/537.36"
welcome: Unable to identify user...redirecting to login
::ffff:18.216.54.50 - - [14/Apr/2019:09:14:35 +0000] "GET / HTTP/1.1" 302 28 "-" "Go-http-client/1.1"
::ffff:18.216.54.50 - - [14/Apr/2019:09:14:35 +0000] "GET /login HTTP/1.1" 200 7268 "http://18.216.84.59:8080" "Go-http-client/1.1"
welcome: Unable to identify user...redirecting to login
::ffff:18.216.154.130 - - [14/Apr/2019:09:14:36 +0000] "GET / HTTP/1.1" 302 28 "-" "Go-http-client/1.1"
::ffff:18.216.154.130 - - [14/Apr/2019:09:14:36 +0000] "GET /login HTTP/1.1" 200 7268 "http://18.216.84.59:8080" "Go-http-client/1.1"
welcome: Unable to identify user...redirecting to login
::ffff:18.216.252.154 - - [14/Apr/2019:09:14:38 +0000] "GET / HTTP/1.1" 302 28 "-" "Go-http-client/1.1"
::ffff:18.216.252.154 - - [14/Apr/2019:09:14:38 +0000] "GET /login HTTP/1.1" 200 7268 "http://18.216.84.59:8080" "Go-http-client/1.1"
welcome: Unable to identify user...redirecting to login
::ffff:18.216.95.132 - - [14/Apr/2019:09:24:41 +0000] "GET / HTTP/1.1" 302 28 "-" "Go-http-client/1.1"
::ffff:18.216.95.132 - - [14/Apr/2019:09:24:41 +0000] "GET /login HTTP/1.1" 200 7268 "http://18.216.84.59:8080" "Go-http-client/1.1"
welcome: Unable to identify user...redirecting to login
::ffff:78.108.177.53 - - [14/Apr/2019:09:51:44 +0000] "GET / HTTP/1.0" 302 28 "-" "Mozilla/5.0 (Windows NT 6.1; WOW64; rv:45.0) Gecko/20100101 Firefox/45.0"
welcome: Unable to identify user...redirecting to login
::ffff:201.222.31.13 - - [14/Apr/2019:10:01:18 +0000] "GET / HTTP/1.1" 302 28 "-" "Mozilla/5.0 (Windows NT 10.0; WOW64) AppleWebKit/537.36 (KHTML, like Gecko) Chrome/51.0.2704.103 Safari/537.36"
request aborted
BadRequestError: request aborted
    at IncomingMessage.onAborted (/home/ec2-user/security_lab/node_modules/raw-body/index.js:231:10)
    at IncomingMessage.emit (events.js:193:13)
    at abortIncoming (_http_server.js:447:9)
    at socketOnClose (_http_server.js:440:3)
    at Socket.emit (events.js:198:15)
    at TCP._handle.close (net.js:614:12)
welcome: Unable to identify user...redirecting to login
::ffff:37.76.168.33 - - [14/Apr/2019:10:47:28 +0000] "GET / HTTP/1.1" 302 28 "-" "Mozilla/5.0 (Macintosh; Intel Mac OS X 10_11_6) AppleWebKit/601.7.7 (KHTML, like Gecko) Version/9.1.2 Safari/601.7.7"
welcome: Unable to identify user...redirecting to login
::ffff:18.216.154.130 - - [14/Apr/2019:11:14:34 +0000] "GET / HTTP/1.1" 302 28 "-" "Go-http-client/1.1"
::ffff:18.216.154.130 - - [14/Apr/2019:11:14:34 +0000] "GET /login HTTP/1.1" 200 7268 "http://18.216.84.59:8080" "Go-http-client/1.1"
welcome: Unable to identify user...redirecting to login
::ffff:18.216.54.50 - - [14/Apr/2019:11:14:34 +0000] "GET / HTTP/1.1" 302 28 "-" "Go-http-client/1.1"
::ffff:18.216.54.50 - - [14/Apr/2019:11:14:34 +0000] "GET /login HTTP/1.1" 200 7268 "http://18.216.84.59:8080" "Go-http-client/1.1"
welcome: Unable to identify user...redirecting to login
::ffff:18.216.95.132 - - [14/Apr/2019:11:14:36 +0000] "GET / HTTP/1.1" 302 28 "-" "Go-http-client/1.1"
::ffff:18.216.95.132 - - [14/Apr/2019:11:14:36 +0000] "GET /login HTTP/1.1" 200 7268 "http://18.216.84.59:8080" "Go-http-client/1.1"
welcome: Unable to identify user...redirecting to login
::ffff:198.20.99.130 - - [14/Apr/2019:11:19:20 +0000] "GET / HTTP/1.1" 302 56 "-" "Mozilla/5.0 (Windows NT 6.1) AppleWebKit/537.36 (KHTML, like Gecko) Chrome/41.0.2228.0 Safari/537.36"
::ffff:198.20.99.130 - - [14/Apr/2019:11:19:20 +0000] "GET /login HTTP/1.1" 200 7268 "-" "Mozilla/5.0 (Windows NT 6.1) AppleWebKit/537.36 (KHTML, like Gecko) Chrome/41.0.2228.0 Safari/537.36"
redirecting to login
::ffff:112.26.7.67 - - [14/Apr/2019:11:25:32 +0000] "GET /struts2-rest-showcase/orders.xhtml HTTP/1.1" 302 28 "http://18.216.84.59:8080/struts2-rest-showcase/orders.xhtml" "Mozilla/4.0 (compatible; MSIE 9.0; Windows NT 6.1)"
::ffff:112.26.7.67 - - [14/Apr/2019:11:25:33 +0000] "GET /login HTTP/1.1" 200 7268 "http://18.216.84.59:8080/struts2-rest-showcase/orders.xhtml" "Mozilla/4.0 (compatible; MSIE 9.0; Windows NT 6.1)"
redirecting to login
::ffff:112.26.7.67 - - [14/Apr/2019:11:25:33 +0000] "GET /index.action HTTP/1.1" 302 28 "http://18.216.84.59:8080/index.action" "Mozilla/4.0 (compatible; MSIE 9.0; Windows NT 6.1)"
::ffff:112.26.7.67 - - [14/Apr/2019:11:25:34 +0000] "GET /login HTTP/1.1" 200 7268 "http://18.216.84.59:8080/index.action" "Mozilla/4.0 (compatible; MSIE 9.0; Windows NT 6.1)"
redirecting to login
::ffff:112.26.7.67 - - [14/Apr/2019:11:25:34 +0000] "GET /index.do HTTP/1.1" 302 28 "http://18.216.84.59:8080/index.do" "Mozilla/4.0 (compatible; MSIE 9.0; Windows NT 6.1)"
::ffff:112.26.7.67 - - [14/Apr/2019:11:25:35 +0000] "GET /login HTTP/1.1" 200 7268 "http://18.216.84.59:8080/index.do" "Mozilla/4.0 (compatible; MSIE 9.0; Windows NT 6.1)"
welcome: Unable to identify user...redirecting to login
::ffff:46.174.191.28 - - [14/Apr/2019:11:32:53 +0000] "GET / HTTP/1.0" 302 28 "-" "Mozilla/5.0 (Windows; U; Windows NT 6.0; en-US) AppleWebKit/525.19 (KHTML, like Gecko) Chrome/1.0.154.46 Safari/525.19"
welcome: Unable to identify user...redirecting to login
::ffff:190.3.135.92 - - [14/Apr/2019:13:26:39 +0000] "GET / HTTP/1.1" 302 28 "-" "Mozilla/5.0 (Windows NT 10.0; WOW64) AppleWebKit/537.36 (KHTML, like Gecko) Chrome/51.0.2704.103 Safari/537.36"
welcome: Unable to identify user...redirecting to login
::ffff:190.214.51.222 - - [14/Apr/2019:14:35:35 +0000] "GET / HTTP/1.1" 302 28 "-" "Mozilla/5.0 (Windows NT 6.1; WOW64) AppleWebKit/537.36 (KHTML, like Gecko) Chrome/51.0.2704.103 Safari/537.36"
welcome: Unable to identify user...redirecting to login
::ffff:59.36.132.222 - - [14/Apr/2019:14:47:50 +0000] "GET http://www.baidu.com/ HTTP/1.1" 302 28 "-" "curl/7.19.7 (x86_64-redhat-linux-gnu) libcurl/7.19.7 NSS/3.13.1.0zlib/1.2.3 libidn/1.18 libssh2/1.2.2"
welcome: Unable to identify user...redirecting to login
::ffff:195.154.108.54 - - [14/Apr/2019:14:52:12 +0000] "GET / HTTP/1.1" 302 28 "-" "-"
welcome: Unable to identify user...redirecting to login
::ffff:46.174.191.30 - - [14/Apr/2019:15:47:59 +0000] "GET / HTTP/1.0" 302 28 "-" "Mozilla/5.0 (Windows; U; Windows NT 6.0; en-US) AppleWebKit/525.19 (KHTML, like Gecko) Chrome/1.0.154.46 Safari/525.19"
welcome: Unable to identify user...redirecting to login
::ffff:78.108.177.54 - - [14/Apr/2019:15:57:16 +0000] "GET / HTTP/1.0" 302 28 "-" "Mozilla/5.0 (Windows NT 6.1; WOW64; rv:45.0) Gecko/20100101 Firefox/45.0"
welcome: Unable to identify user...redirecting to login
::ffff:5.165.150.210 - - [14/Apr/2019:17:04:36 +0000] "GET / HTTP/1.1" 302 28 "-" "Mozilla/5.0 (Macintosh; Intel Mac OS X 10_11_6) AppleWebKit/601.7.7 (KHTML, like Gecko) Version/9.1.2 Safari/601.7.7"
